Archive member included to satisfy reference by file (symbol)

C:/ST/STM32CubeIDE_1.19.0/STM32CubeIDE/plugins/com.st.stm32cube.ide.mcu.externaltools.gnu-tools-for-stm32.13.3.rel1.win32_1.0.100.202509120712/tools/bin/../lib/gcc/arm-none-eabi/13.3.1/../../../../arm-none-eabi/lib/thumb/v7e-m+fp/hard\libc_nano.a(libc_a-assert.o)
                              ./src/app/hardware/battery/battery.o (__assert_func)
C:/ST/STM32CubeIDE_1.19.0/STM32CubeIDE/plugins/com.st.stm32cube.ide.mcu.externaltools.gnu-tools-for-stm32.13.3.rel1.win32_1.0.100.202509120712/tools/bin/../lib/gcc/arm-none-eabi/13.3.1/../../../../arm-none-eabi/lib/thumb/v7e-m+fp/hard\libc_nano.a(libc_a-exit.o)
                              C:/ST/STM32CubeIDE_1.19.0/STM32CubeIDE/plugins/com.st.stm32cube.ide.mcu.externaltools.gnu-tools-for-stm32.13.3.rel1.win32_1.0.100.202509120712/tools/bin/../lib/gcc/arm-none-eabi/13.3.1/../../../../arm-none-eabi/lib/thumb/v7e-m+fp/hard/crt0.o (exit)
C:/ST/STM32CubeIDE_1.19.0/STM32CubeIDE/plugins/com.st.stm32cube.ide.mcu.externaltools.gnu-tools-for-stm32.13.3.rel1.win32_1.0.100.202509120712/tools/bin/../lib/gcc/arm-none-eabi/13.3.1/../../../../arm-none-eabi/lib/thumb/v7e-m+fp/hard\libc_nano.a(libc_a-findfp.o)
                              C:/ST/STM32CubeIDE_1.19.0/STM32CubeIDE/plugins/com.st.stm32cube.ide.mcu.externaltools.gnu-tools-for-stm32.13.3.rel1.win32_1.0.100.202509120712/tools/bin/../lib/gcc/arm-none-eabi/13.3.1/../../../../arm-none-eabi/lib/thumb/v7e-m+fp/hard\libc_nano.a(libc_a-exit.o) (__stdio_exit_handler)
C:/ST/STM32CubeIDE_1.19.0/STM32CubeIDE/plugins/com.st.stm32cube.ide.mcu.externaltools.gnu-tools-for-stm32.13.3.rel1.win32_1.0.100.202509120712/tools/bin/../lib/gcc/arm-none-eabi/13.3.1/../../../../arm-none-eabi/lib/thumb/v7e-m+fp/hard\libc_nano.a(libc_a-fprintf.o)
                              C:/ST/STM32CubeIDE_1.19.0/STM32CubeIDE/plugins/com.st.stm32cube.ide.mcu.externaltools.gnu-tools-for-stm32.13.3.rel1.win32_1.0.100.202509120712/tools/bin/../lib/gcc/arm-none-eabi/13.3.1/../../../../arm-none-eabi/lib/thumb/v7e-m+fp/hard\libc_nano.a(libc_a-assert.o) (fiprintf)
C:/ST/STM32CubeIDE_1.19.0/STM32CubeIDE/plugins/com.st.stm32cube.ide.mcu.externaltools.gnu-tools-for-stm32.13.3.rel1.win32_1.0.100.202509120712/tools/bin/../lib/gcc/arm-none-eabi/13.3.1/../../../../arm-none-eabi/lib/thumb/v7e-m+fp/hard\libc_nano.a(libc_a-fwalk.o)
                              C:/ST/STM32CubeIDE_1.19.0/STM32CubeIDE/plugins/com.st.stm32cube.ide.mcu.externaltools.gnu-tools-for-stm32.13.3.rel1.win32_1.0.100.202509120712/tools/bin/../lib/gcc/arm-none-eabi/13.3.1/../../../../arm-none-eabi/lib/thumb/v7e-m+fp/hard\libc_nano.a(libc_a-findfp.o) (_fwalk_sglue)
C:/ST/STM32CubeIDE_1.19.0/STM32CubeIDE/plugins/com.st.stm32cube.ide.mcu.externaltools.gnu-tools-for-stm32.13.3.rel1.win32_1.0.100.202509120712/tools/bin/../lib/gcc/arm-none-eabi/13.3.1/../../../../arm-none-eabi/lib/thumb/v7e-m+fp/hard\libc_nano.a(libc_a-stdio.o)
                              C:/ST/STM32CubeIDE_1.19.0/STM32CubeIDE/plugins/com.st.stm32cube.ide.mcu.externaltools.gnu-tools-for-stm32.13.3.rel1.win32_1.0.100.202509120712/tools/bin/../lib/gcc/arm-none-eabi/13.3.1/../../../../arm-none-eabi/lib/thumb/v7e-m+fp/hard\libc_nano.a(libc_a-findfp.o) (__sread)
C:/ST/STM32CubeIDE_1.19.0/STM32CubeIDE/plugins/com.st.stm32cube.ide.mcu.externaltools.gnu-tools-for-stm32.13.3.rel1.win32_1.0.100.202509120712/tools/bin/../lib/gcc/arm-none-eabi/13.3.1/../../../../arm-none-eabi/lib/thumb/v7e-m+fp/hard\libc_nano.a(libc_a-memset.o)
                              C:/ST/STM32CubeIDE_1.19.0/STM32CubeIDE/plugins/com.st.stm32cube.ide.mcu.externaltools.gnu-tools-for-stm32.13.3.rel1.win32_1.0.100.202509120712/tools/bin/../lib/gcc/arm-none-eabi/13.3.1/../../../../arm-none-eabi/lib/thumb/v7e-m+fp/hard/crt0.o (memset)
C:/ST/STM32CubeIDE_1.19.0/STM32CubeIDE/plugins/com.st.stm32cube.ide.mcu.externaltools.gnu-tools-for-stm32.13.3.rel1.win32_1.0.100.202509120712/tools/bin/../lib/gcc/arm-none-eabi/13.3.1/../../../../arm-none-eabi/lib/thumb/v7e-m+fp/hard\libc_nano.a(libc_a-strncmp.o)
                              ./src/middleware/msgbox/msgbox.o (strncmp)
C:/ST/STM32CubeIDE_1.19.0/STM32CubeIDE/plugins/com.st.stm32cube.ide.mcu.externaltools.gnu-tools-for-stm32.13.3.rel1.win32_1.0.100.202509120712/tools/bin/../lib/gcc/arm-none-eabi/13.3.1/../../../../arm-none-eabi/lib/thumb/v7e-m+fp/hard\libc_nano.a(libc_a-strncpy.o)
                              ./src/middleware/msgbox/msgbox.o (strncpy)
C:/ST/STM32CubeIDE_1.19.0/STM32CubeIDE/plugins/com.st.stm32cube.ide.mcu.externaltools.gnu-tools-for-stm32.13.3.rel1.win32_1.0.100.202509120712/tools/bin/../lib/gcc/arm-none-eabi/13.3.1/../../../../arm-none-eabi/lib/thumb/v7e-m+fp/hard\libc_nano.a(libc_a-closer.o)
[...]
Memory Configuration

Name             Origin             Length             Attributes
RAM              0x20000000         0x00020000         xrw
FLASH            0x08000000         0x00080000         xr
*default*        0x00000000         0xffffffff

Linker script and memory map

LOAD C:/ST/STM32CubeIDE_1.19.0/STM32CubeIDE/plugins/com.st.stm32cube.ide.mcu.externaltools.gnu-tools-for-stm32.13.3.rel1.win32_1.0.100.202509120712/tools/bin/../lib/gcc/arm-none-eabi/13.3.1/thumb/v7e-m+fp/hard/crti.o
LOAD C:/ST/STM32CubeIDE_1.19.0/STM32CubeIDE/plugins/com.st.stm32cube.ide.mcu.externaltools.gnu-tools-for-stm32.13.3.rel1.win32_1.0.100.202509120712/tools/bin/../lib/gcc/arm-none-eabi/13.3.1/thumb/v7e-m+fp/hard/crtbegin.o
LOAD C:/ST/STM32CubeIDE_1.19.0/STM32CubeIDE/plugins/com.st.stm32cube.ide.mcu.externaltools.gnu-tools-for-stm32.13.3.rel1.win32_1.0.100.202509120712/tools/bin/../lib/gcc/arm-none-eabi/13.3.1/../../../../arm-none-eabi/lib/thumb/v7e-m+fp/hard/crt0.o
LOAD ./src/app/app.o
LOAD ./src/app/controller/ctrler.o
LOAD ./src/app/hardware/battery/battery.o
LOAD ./src/app/hardware/compass/compass.o
LOAD ./src/app/hardware/consur/consur.o
LOAD ./src/app/hardware/gnss/gnss.o
LOAD ./src/app/hardware/gnss/neom8n/neom8n.o
LOAD ./src/app/hardware/imu/icm20602/icm20602.o
LOAD ./src/app/hardware/imu/imu.o
LOAD ./src/app/hardware/tranceiver/rp3/rp3.o
LOAD ./src/app/hardware/tranceiver/rtt24/rtt24.o
LOAD ./src/app/hardware/tranceiver/tranceiver.o
LOAD ./src/app/modules/attitude/attitude.o
LOAD ./src/drivers/hmc5883l_driver/hmc5883l_driver.o
LOAD ./src/drivers/icm20602/icm20602_driver.o
LOAD ./src/drivers/servo/servo.o
LOAD ./src/lib/compfilter/compfilter.o
LOAD ./src/lib/math.o
LOAD ./src/lib/pid/pid.o
LOAD ./src/lib/protocols/crsf/crsf.o
LOAD ./src/lib/protocols/crsf/utils/crsf_frame_queue.o
LOAD ./src/lib/protocols/ubx/ubx.o
LOAD ./src/lib/protocols/ubx/utils/ubx_frame_queue.o
LOAD ./src/main.o
LOAD ./src/middleware/msgbox/msgbox.o
LOAD ./src/platform/hal/Core/Src/adc.o
LOAD ./src/platform/hal/Core/Src/dma.o
LOAD ./src/platform/hal/Core/Src/gpio.o
LOAD ./src/platform/hal/Core/Src/i2c.o
LOAD ./src/platform/hal/Core/Src/spi.o
LOAD ./src/platform/hal/Core/Src/stm32f4xx_hal_msp.o
LOAD ./src/platform/hal/Core/Src/stm32f4xx_it.o
LOAD ./src/platform/hal/Core/Src/syscalls.o
LOAD ./src/platform/hal/Core/Src/sysmem.o
LOAD ./src/platform/hal/Core/Src/system_stm32f4xx.o
LOAD ./src/platform/hal/Core/Src/tim.o
LOAD ./src/platform/hal/Core/Src/usart.o
LOAD ./src/platform/hal/Core/Startup/startup_stm32f411ceux.o
LOAD ./src/platform/hal/Drivers/STM32F4xx_HAL_Driver/Src/stm32f4xx_hal.o
LOAD ./src/platform/hal/Drivers/STM32F4xx_HAL_Driver/Src/stm32f4xx_hal_adc.o
LOAD ./src/platform/hal/Drivers/STM32F4xx_HAL_Driver/Src/stm32f4xx_hal_adc_ex.o
LOAD ./src/platform/hal/Drivers/STM32F4xx_HAL_Driver/Src/stm32f4xx_hal_cortex.o
LOAD ./src/platform/hal/Drivers/STM32F4xx_HAL_Driver/Src/stm32f4xx_hal_dma.o
LOAD ./src/platform/hal/Drivers/STM32F4xx_HAL_Driver/Src/stm32f4xx_hal_dma_ex.o
LOAD ./src/platform/hal/Drivers/STM32F4xx_HAL_Driver/Src/stm32f4xx_hal_exti.o
LOAD ./src/platform/hal/Drivers/STM32F4xx_HAL_Driver/Src/stm32f4xx_hal_flash.o
LOAD ./src/platform/hal/Drivers/STM32F4xx_HAL_Driver/Src/stm32f4xx_hal_flash_ex.o
LOAD ./src/platform/hal/Drivers/STM32F4xx_HAL_Driver/Src/stm32f4xx_hal_flash_ramfunc.o
LOAD ./src/platform/hal/Drivers/STM32F4xx_HAL_Driver/Src/stm32f4xx_hal_gpio.o
LOAD ./src/platform/hal/Drivers/STM32F4xx_HAL_Driver/Src/stm32f4xx_hal_i2c.o
LOAD ./src/platform/hal/Drivers/STM32F4xx_HAL_Driver/Src/stm32f4xx_hal_i2c_ex.o
LOAD ./src/platform/hal/Drivers/STM32F4xx_HAL_Driver/Src/stm32f4xx_hal_pwr.o
LOAD ./src/platform/hal/Drivers/STM32F4xx_HAL_Driver/Src/stm32f4xx_hal_pwr_ex.o
LOAD ./src/platform/hal/Drivers/STM32F4xx_HAL_Driver/Src/stm32f4xx_hal_rcc.o
LOAD ./src/platform/hal/Drivers/STM32F4xx_HAL_Driver/Src/stm32f4xx_hal_rcc_ex.o
LOAD ./src/platform/hal/Drivers/STM32F4xx_HAL_Driver/Src/stm32f4xx_hal_spi.o
LOAD ./src/platform/hal/Drivers/STM32F4xx_HAL_Driver/Src/stm32f4xx_hal_tim.o
LOAD ./src/platform/hal/Drivers/STM32F4xx_HAL_Driver/Src/stm32f4xx_hal_tim_ex.o
LOAD ./src/platform/hal/Drivers/STM32F4xx_HAL_Driver/Src/stm32f4xx_hal_uart.o
LOAD ./src/platform/hal/platform_hal.o
START GROUP
LOAD C:/ST/STM32CubeIDE_1.19.0/STM32CubeIDE/plugins/com.st.stm32cube.ide.mcu.externaltools.gnu-tools-for-stm32.13.3.rel1.win32_1.0.100.202509120712/tools/bin/../lib/gcc/arm-none-eabi/13.3.1/../../../../arm-none-eabi/lib/thumb/v7e-m+fp/hard\libc_nano.a
LOAD C:/ST/STM32CubeIDE_1.19.0/STM32CubeIDE/plugins/com.st.stm32cube.ide.mcu.externaltools.gnu-tools-for-stm32.13.3.rel1.win32_1.0.100.202509120712/tools/bin/../lib/gcc/arm-none-eabi/13.3.1/../../../../arm-none-eabi/lib/thumb/v7e-m+fp/hard\libm.a
END GROUP
START GROUP
LOAD C:/ST/STM32CubeIDE_1.19.0/STM32CubeIDE/plugins/com.st.stm32cube.ide.mcu.externaltools.gnu-tools-for-stm32.13.3.rel1.win32_1.0.100.202509120712/tools/bin/../lib/gcc/arm-none-eabi/13.3.1/thumb/v7e-m+fp/hard\libgcc.a
LOAD C:/ST/STM32CubeIDE_1.19.0/STM32CubeIDE/plugins/com.st.stm32cube.ide.mcu.externaltools.gnu-tools-for-stm32.13.3.rel1.win32_1.0.100.202509120712/tools/bin/../lib/gcc/arm-none-eabi/13.3.1/../../../../arm-none-eabi/lib/thumb/v7e-m+fp/hard\libc_nano.a
END GROUP
START GROUP
LOAD C:/ST/STM32CubeIDE_1.19.0/STM32CubeIDE/plugins/com.st.stm32cube.ide.mcu.externaltools.gnu-tools-for-stm32.13.3.rel1.win32_1.0.100.202509120712/tools/bin/../lib/gcc/arm-none-eabi/13.3.1/thumb/v7e-m+fp/hard\libgcc.a
LOAD C:/ST/STM32CubeIDE_1.19.0/STM32CubeIDE/plugins/com.st.stm32cube.ide.mcu.externaltools.gnu-tools-for-stm32.13.3.rel1.win32_1.0.100.202509120712/tools/bin/../lib/gcc/arm-none-eabi/13.3.1/../../../../arm-none-eabi/lib/thumb/v7e-m+fp/hard\libc_nano.a
LOAD C:/ST/STM32CubeIDE_1.19.0/STM32CubeIDE/plugins/com.st.stm32cube.ide.mcu.externaltools.gnu-tools-for-stm32.13.3.rel1.win32_1.0.100.202509120712/tools/bin/../lib/gcc/arm-none-eabi/13.3.1/../../../../arm-none-eabi/lib/thumb/v7e-m+fp/hard\libnosys.a
END GROUP
START GROUP
LOAD C:/ST/STM32CubeIDE_1.19.0/STM32CubeIDE/plugins/com.st.stm32cube.ide.mcu.externaltools.gnu-tools-for-stm32.13.3.rel1.win32_1.0.100.202509120712/tools/bin/../lib/gcc/arm-none-eabi/13.3.1/thumb/v7e-m+fp/hard\libgcc.a
LOAD C:/ST/STM32CubeIDE_1.19.0/STM32CubeIDE/plugins/com.st.stm32cube.ide.mcu.externaltools.gnu-tools-for-stm32.13.3.rel1.win32_1.0.100.202509120712/tools/bin/../lib/gcc/arm-none-eabi/13.3.1/../../../../arm-none-eabi/lib/thumb/v7e-m+fp/hard\libc_nano.a
LOAD C:/ST/STM32CubeIDE_1.19.0/STM32CubeIDE/plugins/com.st.stm32cube.ide.mcu.externaltools.gnu-tools-for-stm32.13.3.rel1.win32_1.0.100.202509120712/tools/bin/../lib/gcc/arm-none-eabi/13.3.1/../../../../arm-none-eabi/lib/thumb/v7e-m+fp/hard\libnosys.a
END GROUP
LOAD C:/ST/STM32CubeIDE_1.19.0/STM32CubeIDE/plugins/com.st.stm32cube.ide.mcu.externaltools.gnu-tools-for-stm32.13.3.rel1.win32_1.0.100.202509120712/tools/bin/../lib/gcc/arm-none-eabi/13.3.1/thumb/v7e-m+fp/hard/crtend.o
LOAD C:/ST/STM32CubeIDE_1.19.0/STM32CubeIDE/plugins/com.st.stm32cube.ide.mcu.externaltools.gnu-tools-for-stm32.13.3.rel1.win32_1.0.100.202509120712/tools/bin/../lib/gcc/arm-none-eabi/13.3.1/thumb/v7e-m+fp/hard/crtn.o
                0x20020000                        _estack = (ORIGIN (RAM) + LENGTH (RAM))
                0x00000200                        _Min_Heap_Size = 0x200
                0x00000800                        _Min_Stack_Size = 0x800

.isr_vector     0x08000000      0x198
                0x08000000                        . = ALIGN (0x4)
 *(.isr_vector)
 .isr_vector    0x08000000      0x198 ./src/platform/hal/Core/Startup/startup_stm32f411ceux.o
                0x08000000                g_pfnVectors
                0x08000198                        . = ALIGN (0x4)

.text           0x080001a0     0xbbe0
                0x080001a0                        . = ALIGN (0x4)
 *(.text)
 .text          0x080001a0       0x40 C:/ST/STM32CubeIDE_1.19.0/STM32CubeIDE/plugins/com.st.stm32cube.ide.mcu.externaltools.gnu-tools-for-stm32.13.3.rel1.win32_1.0.100.202509120712/tools/bin/../lib/gcc/arm-none-eabi/13.3.1/thumb/v7e-m+fp/hard/crtbegin.o
 .text          0x080001e0       0xa0 C:/ST/STM32CubeIDE_1.19.0/STM32CubeIDE/plugins/com.st.stm32cube.ide.mcu.externaltools.gnu-tools-for-stm32.13.3.rel1.win32_1.0.100.202509120712/tools/bin/../lib/gcc/arm-none-eabi/13.3.1/../../../../arm-none-eabi/lib/thumb/v7e-m+fp/hard\libc_nano.a(libc_a-memchr.o)
                0x080001e0                memchr
 .text          0x08000280      0x378 C:/ST/STM32CubeIDE_1.19.0/STM32CubeIDE/plugins/com.st.stm32cube.ide.mcu.externaltools.gnu-tools-for-stm32.13.3.rel1.win32_1.0.100.202509120712/tools/bin/../lib/gcc/arm-none-eabi/13.3.1/thumb/v7e-m+fp/hard\libgcc.a(_arm_addsubdf3.o)
                0x08000280                __aeabi_drsub
                0x08000288                __aeabi_dsub
                0x08000288                __subdf3
                0x0800028c                __aeabi_dadd
                0x0800028c                __adddf3
                0x08000504                __floatunsidf
                0x08000504                __aeabi_ui2d
                0x08000524                __floatsidf
                0x08000524                __aeabi_i2d
                0x08000548                __aeabi_f2d
                0x08000548                __extendsfdf2
                0x0800058c                __floatundidf
                0x0800058c                __aeabi_ul2d
                0x0800059c                __floatdidf
                0x0800059c                __aeabi_l2d
 .text          0x080005f8      0x424 C:/ST/STM32CubeIDE_1.19.0/STM32CubeIDE/plugins/com.st.stm32cube.ide.mcu.externaltools.gnu-tools-for-stm32.13.3.rel1.win32_1.0.100.202509120712/tools/bin/../lib/gcc/arm-none-eabi/13.3.1/thumb/v7e-m+fp/hard\libgcc.a(_arm_muldivdf3.o)
                0x080005f8                __aeabi_dmul
                0x080005f8                __muldf3
                0x0800084c                __divdf3
                0x0800084c                __aeabi_ddiv
 .text          0x08000a1c       0x40 C:/ST/STM32CubeIDE_1.19.0/STM32CubeIDE/plugins/com.st.stm32cube.ide.mcu.externaltools.gnu-tools-for-stm32.13.3.rel1.win32_1.0.100.202509120712/tools/bin/../lib/gcc/arm-none-eabi/13.3.1/thumb/v7e-m+fp/hard\libgcc.a(_arm_fixunsdfsi.o)
                0x08000a1c                __aeabi_d2uiz
                0x08000a1c                __fixunsdfsi
 .text          0x08000a5c       0xa0 C:/ST/STM32CubeIDE_1.19.0/STM32CubeIDE/plugins/com.st.stm32cube.ide.mcu.externaltools.gnu-tools-for-stm32.13.3.rel1.win32_1.0.100.202509120712/tools/bin/../lib/gcc/arm-none-eabi/13.3.1/thumb/v7e-m+fp/hard\libgcc.a(_arm_truncdfsf2.o)
                0x08000a5c                __truncdfsf2
                0x08000a5c                __aeabi_d2f
 .text          0x08000afc       0x30 C:/ST/STM32CubeIDE_1.19.0/STM32CubeIDE/plugins/com.st.stm32cube.ide.mcu.externaltools.gnu-tools-for-stm32.13.3.rel1.win32_1.0.100.202509120712/tools/bin/../lib/gcc/arm-none-eabi/13.3.1/thumb/v7e-m+fp/hard\libgcc.a(_aeabi_uldivmod.o)
                0x08000afc                __aeabi_uldivmod
 .text          0x08000b2c      0x2f8 C:/ST/STM32CubeIDE_1.19.0/STM32CubeIDE/plugins/com.st.stm32cube.ide.mcu.externaltools.gnu-tools-for-stm32.13.3.rel1.win32_1.0.100.202509120712/tools/bin/../lib/gcc/arm-none-eabi/13.3.1/thumb/v7e-m+fp/hard\libgcc.a(_udivmoddi4.o)
                0x08000b2c                __udivmoddi4
 .text          0x08000e24        0x4 C:/ST/STM32CubeIDE_1.19.0/STM32CubeIDE/plugins/com.st.stm32cube.ide.mcu.externaltools.gnu-tools-for-stm32.13.3.rel1.win32_1.0.100.202509120712/tools/bin/../lib/gcc/arm-none-eabi/13.3.1/thumb/v7e-m+fp/hard\libgcc.a(_dvmd_tls.o)
                0x08000e24                __aeabi_idiv0
                0x08000e24                __aeabi_ldiv0
 *(.text*)
 .text._write   0x08000e28       0x2c ./src/app/app.o
                0x08000e28                _write
 .text.setup    0x08000e54       0x6e ./src/app/app.o
                0x08000e54                setup
 .text.loop     0x08000ec2       0x1c ./src/app/app.o
                0x08000ec2                loop
 .text.HAL_UART_RxCpltCallback
                0x08000ede       0x1c ./src/app/app.o
                0x08000ede                HAL_UART_RxCpltCallback
 .text.HAL_UART_ErrorCallback
                0x08000efa       0x14 ./src/app/app.o
                0x08000efa                HAL_UART_ErrorCallback
 *fill*         0x08000f0e        0x2 
 .text.crsf_get_len
                0x08000f10       0x34 ./src/app/hardware/battery/battery.o
 .text.crsf_get_frame_length
                0x08000f44       0x3c ./src/app/hardware/battery/battery.o
 .text.battery_init
                0x08000f80       0x48 ./src/app/hardware/battery/battery.o
                0x08000f80                battery_init
 .text.battery_read_voltage
                0x08000fc8       0xbc ./src/app/hardware/battery/battery.o
 .text.battery_loop
                0x08001084       0xa8 ./src/app/hardware/battery/battery.o
                0x08001084                battery_loop
 .text.consur_init
                0x0800112c      0x2c0 ./src/app/hardware/consur/consur.o
                0x0800112c                consur_init
 .text.crsf_rx_msgbox_callback
                0x080013ec       0x48 ./src/app/hardware/consur/consur.o
 .text.consur_loop
                0x08001434      0x15c ./src/app/hardware/consur/consur.o
                0x08001434                consur_loop
 .text.gnss_init
                0x08001590       0x1e ./src/app/hardware/gnss/gnss.o
                0x08001590                gnss_init
 .text.gnss_loop
                0x080015ae        0xc ./src/app/hardware/gnss/gnss.o
                0x080015ae                gnss_loop
 .text.gnss_uart_rx_cplt_callback
                0x080015ba       0x16 ./src/app/hardware/gnss/gnss.o
                0x080015ba                gnss_uart_rx_cplt_callback
 .text.crsf_get_len
                0x080015d0       0x34 ./src/app/hardware/gnss/neom8n/neom8n.o
 .text.crsf_get_frame_length
                0x08001604       0x3c ./src/app/hardware/gnss/neom8n/neom8n.o
 .text.neom8n_init
                0x08001640       0x64 ./src/app/hardware/gnss/neom8n/neom8n.o
                0x08001640                neom8n_init
 .text.neom8n_loop
                0x080016a4      0x2f8 ./src/app/hardware/gnss/neom8n/neom8n.o
                0x080016a4                neom8n_loop
 .text.neom8n_uart_rx_cplt_callback
                0x0800199c       0x30 ./src/app/hardware/gnss/neom8n/neom8n.o
                0x0800199c                neom8n_uart_rx_cplt_callback
 .text.crsf_get_len
                0x080019cc       0x34 ./src/app/hardware/imu/icm20602/icm20602.o
 .text.crsf_get_frame_length
                0x08001a00       0x3c ./src/app/hardware/imu/icm20602/icm20602.o
 *fill*         0x08001a3c        0x4 
 .text.DEG_TO_RAD
                0x08001a40       0x40 ./src/app/hardware/imu/icm20602/icm20602.o
 .text.map      0x08001a80       0x5c ./src/app/hardware/imu/icm20602/icm20602.o
                0x08001a80                map
 .text.app_icm20602_init
                0x08001adc      0x16c ./src/app/hardware/imu/icm20602/icm20602.o
                0x08001adc                app_icm20602_init
 .text.app_icm20602_loop
                0x08001c48      0x408 ./src/app/hardware/imu/icm20602/icm20602.o
                0x08001c48                app_icm20602_loop
 .text.app_icm20602_irq_handler
                0x08002050       0x14 ./src/app/hardware/imu/icm20602/icm20602.o
                0x08002050                app_icm20602_irq_handler
 .text.imu_init
                0x08002064       0x1e ./src/app/hardware/imu/imu.o
                0x08002064                imu_init
 .text.imu_loop
                0x08002082        0xc ./src/app/hardware/imu/imu.o
                0x08002082                imu_loop
 *fill*         0x0800208e        0x2 
 .text.crsf_get_len
                0x08002090       0x34 ./src/app/hardware/tranceiver/rp3/rp3.o
 .text.crsf_get_frame_length
                0x080020c4       0x3c ./src/app/hardware/tranceiver/rp3/rp3.o
 .text.rp3_init
                0x08002100       0xe8 ./src/app/hardware/tranceiver/rp3/rp3.o
                0x08002100                rp3_init
 .text.crsf_tx_msgbox_callback
                0x080021e8       0x40 ./src/app/hardware/tranceiver/rp3/rp3.o
 .text.rp3_flush_tx
                0x08002228       0x60 ./src/app/hardware/tranceiver/rp3/rp3.o
                0x08002228                rp3_flush_tx
 .text.rp3_flush_rx
                0x08002288       0xe4 ./src/app/hardware/tranceiver/rp3/rp3.o
                0x08002288                rp3_flush_rx
 .text.rp3_uart_rx_cplt_callback
                0x0800236c       0x34 ./src/app/hardware/tranceiver/rp3/rp3.o
                0x0800236c                rp3_uart_rx_cplt_callback
 .text.trcivr_init
                0x080023a0       0x2c ./src/app/hardware/tranceiver/tranceiver.o
                0x080023a0                trcivr_init
 .text.trcivr_loop
                0x080023cc       0x10 ./src/app/hardware/tranceiver/tranceiver.o
                0x080023cc                trcivr_loop
 .text.trcivr_uart_rx_cplt_callback
                0x080023dc       0x16 ./src/app/hardware/tranceiver/tranceiver.o
                0x080023dc                trcivr_uart_rx_cplt_callback
 *fill*         0x080023f2        0x2 
 .text.en_cs    0x080023f4       0x40 ./src/drivers/icm20602/icm20602_driver.o
 .text.dis_cs   0x08002434       0x40 ./src/drivers/icm20602/icm20602_driver.o
 .text.icm20602_read_spi
                0x08002474       0xcc ./src/drivers/icm20602/icm20602_driver.o
 .text.icm20602_write_spi
                0x08002540       0xcc ./src/drivers/icm20602/icm20602_driver.o
 .text.icm20602_read_spi_byte
                0x0800260c       0x24 ./src/drivers/icm20602/icm20602_driver.o
                0x0800260c                icm20602_read_spi_byte
 .text.icm20602_write_spi_byte
                0x08002630       0x26 ./src/drivers/icm20602/icm20602_driver.o
                0x08002630                icm20602_write_spi_byte
 *fill*         0x08002656        0x2 
 .text.icm20602_init
                0x08002658      0x184 ./src/drivers/icm20602/icm20602_driver.o
                0x08002658                icm20602_init
 .text.icm20602_get_accel_gyro_lsb
                0x080027dc      0x140 ./src/drivers/icm20602/icm20602_driver.o
                0x080027dc                icm20602_get_accel_gyro_lsb
 .text.icm20602_get_accel_lsb
                0x0800291c       0xcc ./src/drivers/icm20602/icm20602_driver.o
                0x0800291c                icm20602_get_accel_lsb
 .text.icm20602_is_data_ready
                0x080029e8       0x28 ./src/drivers/icm20602/icm20602_driver.o
                0x080029e8                icm20602_is_data_ready
 .text.icm20602_irq_handler
                0x08002a10       0x1a ./src/drivers/icm20602/icm20602_driver.o
                0x08002a10                icm20602_irq_handler
 .text.icm20602_remove_gyro_bias_lsb
                0x08002a2a       0xba ./src/drivers/icm20602/icm20602_driver.o
                0x08002a2a                icm20602_remove_gyro_bias_lsb
 .text.icm20602_calibrate_gyro
                0x08002ae4       0xb0 ./src/drivers/icm20602/icm20602_driver.o
                0x08002ae4                icm20602_calibrate_gyro
 .text.icm20602_parse_gyro
                0x08002b94       0x98 ./src/drivers/icm20602/icm20602_driver.o
                0x08002b94                icm20602_parse_gyro
 .text.icm20602_parse_accel
                0x08002c2c       0x7a ./src/drivers/icm20602/icm20602_driver.o
                0x08002c2c                icm20602_parse_accel
 .text.map      0x08002ca6       0x38 ./src/drivers/servo/servo.o
 *fill*         0x08002cde        0x2 
 .text.servo_init
                0x08002ce0       0x90 ./src/drivers/servo/servo.o
                0x08002ce0                servo_init
 .text.servo_write
                0x08002d70       0x94 ./src/drivers/servo/servo.o
                0x08002d70                servo_write
 .text.compfilter_init
                0x08002e04       0x44 ./src/lib/compfilter/compfilter.o
                0x08002e04                compfilter_init
 .text.compfilter_calc_angle
                0x08002e48      0x6cc ./src/lib/compfilter/compfilter.o
                0x08002e48                compfilter_calc_angle
 .text.crsf_get_len
                0x08003514       0x34 ./src/lib/protocols/crsf/crsf.o
 .text.crsf_get_payload_length
                0x08003548       0x3c ./src/lib/protocols/crsf/crsf.o
 .text.crsf_get_type
                0x08003584       0x34 ./src/lib/protocols/crsf/crsf.o
 .text.crsf_get_frame_length
                0x080035b8       0x3c ./src/lib/protocols/crsf/crsf.o
 .text.u16_to_buf_big_endian
                0x080035f4       0x2e ./src/lib/protocols/crsf/crsf.o
 .text.u32_to_buf_big_endian
                0x08003622       0x42 ./src/lib/protocols/crsf/crsf.o
 .text.crsf_set_sync
                0x08003664       0x38 ./src/lib/protocols/crsf/crsf.o
 .text.crsf_set_len
                0x0800369c       0x38 ./src/lib/protocols/crsf/crsf.o
 .text.crsf_set_type
                0x080036d4       0x38 ./src/lib/protocols/crsf/crsf.o
 .text.crsf_set_payload
                0x0800370c       0x60 ./src/lib/protocols/crsf/crsf.o
 .text.crsf_set_crc
                0x0800376c       0x44 ./src/lib/protocols/crsf/crsf.o
 .text.crsf_crc8_dvbs2
                0x080037b0       0x5a ./src/lib/protocols/crsf/crsf.o
 *fill*         0x0800380a        0x2 
 .text.crsf_calc_crc8_buf
                0x0800380c       0x64 ./src/lib/protocols/crsf/crsf.o
                0x0800380c                crsf_calc_crc8_buf
 .text.crsf_calc_crc8_frame
                0x08003870       0x64 ./src/lib/protocols/crsf/crsf.o
                0x08003870                crsf_calc_crc8_frame
 .text.crsf_parse_frame
                0x080038d4      0x130 ./src/lib/protocols/crsf/crsf.o
                0x080038d4                crsf_parse_frame
 .text.crsf_parse_rc_channels
                0x08003a04       0x94 ./src/lib/protocols/crsf/crsf.o
                0x08003a04                crsf_parse_rc_channels
 .text.crsf_framing_gps
                0x08003a98       0xb4 ./src/lib/protocols/crsf/crsf.o
                0x08003a98                crsf_framing_gps
 .text.crsf_framing_gps_ex
                0x08003b4c      0x104 ./src/lib/protocols/crsf/crsf.o
                0x08003b4c                crsf_framing_gps_ex
 .text.crsf_framing_gps_time
                0x08003c50       0xb8 ./src/lib/protocols/crsf/crsf.o
                0x08003c50                crsf_framing_gps_time
 .text.crsf_framing_attitude
                0x08003d08       0x98 ./src/lib/protocols/crsf/crsf.o
                0x08003d08                crsf_framing_attitude
 .text.crsf_framing_voltages
                0x08003da0       0xd8 ./src/lib/protocols/crsf/crsf.o
                0x08003da0                crsf_framing_voltages
 .text.crsf_framing_rate
                0x08003e78       0x98 ./src/lib/protocols/crsf/crsf.o
                0x08003e78                crsf_framing_rate
 .text.crsf_framing_accel
                0x08003f10       0x98 ./src/lib/protocols/crsf/crsf.o
                0x08003f10                crsf_framing_accel
 .text.crsf_init_frame_queue
                0x08003fa8       0x3e ./src/lib/protocols/crsf/utils/crsf_frame_queue.o
                0x08003fa8                crsf_init_frame_queue
 *fill*         0x08003fe6        0x2 
 .text.crsf_push_frame_queue
                0x08003fe8      0x14c ./src/lib/protocols/crsf/utils/crsf_frame_queue.o
                0x08003fe8                crsf_push_frame_queue
 .text.crsf_pop_frame_queue
                0x08004134      0x100 ./src/lib/protocols/crsf/utils/crsf_frame_queue.o
                0x08004134                crsf_pop_frame_queue
 .text.crsf_parse_frames
                0x08004234       0xf8 ./src/lib/protocols/crsf/utils/crsf_frame_queue.o
                0x08004234                crsf_parse_frames
 .text.ubx_get_class
                0x0800432c       0x34 ./src/lib/protocols/ubx/ubx.o
 .text.ubx_get_id
                0x08004360       0x34 ./src/lib/protocols/ubx/ubx.o
 .text.ubx_get_len
                0x08004394       0x3c ./src/lib/protocols/ubx/ubx.o
 .text.ubx_get_frame_length
                0x080043d0       0x3c ./src/lib/protocols/ubx/ubx.o
 .text.ubx_checksum
                0x0800440c       0x38 ./src/lib/protocols/ubx/ubx.o
 .text.ubx_set_sync_a
                0x08004444       0x38 ./src/lib/protocols/ubx/ubx.o
 .text.ubx_set_sync_b
                0x0800447c       0x38 ./src/lib/protocols/ubx/ubx.o
 .text.ubx_set_class
                0x080044b4       0x38 ./src/lib/protocols/ubx/ubx.o
 .text.ubx_set_id
                0x080044ec       0x38 ./src/lib/protocols/ubx/ubx.o
 .text.ubx_set_len
                0x08004524       0x40 ./src/lib/protocols/ubx/ubx.o
 .text.ubx_set_payload
                0x08004564       0x64 ./src/lib/protocols/ubx/ubx.o
 .text.ubx_set_ck_a
                0x080045c8       0x44 ./src/lib/protocols/ubx/ubx.o
 .text.ubx_set_ck_b
                0x0800460c       0x44 ./src/lib/protocols/ubx/ubx.o
 .text.ubx_calc_checksum_buf
                0x08004650       0x98 ./src/lib/protocols/ubx/ubx.o
                0x08004650                ubx_calc_checksum_buf
 .text.ubx_parse_frame
                0x080046e8      0x158 ./src/lib/protocols/ubx/ubx.o
                0x080046e8                ubx_parse_frame
 .text.ubx_parse_nav_pvt
                0x08004840      0x1d0 ./src/lib/protocols/ubx/ubx.o
                0x08004840                ubx_parse_nav_pvt
 .text.ubx_init_frame_queue
                0x08004a10       0x40 ./src/lib/protocols/ubx/utils/ubx_frame_queue.o
                0x08004a10                ubx_init_frame_queue
 .text.ubx_push_frame_queue
                0x08004a50       0x9c ./src/lib/protocols/ubx/utils/ubx_frame_queue.o
                0x08004a50                ubx_push_frame_queue
 .text.ubx_pop_frame_queue
                0x08004aec       0xa4 ./src/lib/protocols/ubx/utils/ubx_frame_queue.o
                0x08004aec                ubx_pop_frame_queue
 .text.ubx_parse_frames
                0x08004b90       0xd0 ./src/lib/protocols/ubx/utils/ubx_frame_queue.o
                0x08004b90                ubx_parse_frames
 .text.main     0x08004c60       0x3a ./src/main.o
                0x08004c60                main
 *fill*         0x08004c9a        0x2 
 .text.msgbox_hash
                0x08004c9c       0x38 ./src/middleware/msgbox/msgbox.o
 .text.msgbox_hash_name
                0x08004cd4       0x74 ./src/middleware/msgbox/msgbox.o
 .text.msgbox_find_id
                0x08004d48       0xf8 ./src/middleware/msgbox/msgbox.o
 .text.msgbox_find_new_id
                0x08004e40       0xac ./src/middleware/msgbox/msgbox.o
 .text.msgbox_create
                0x08004eec       0xe0 ./src/middleware/msgbox/msgbox.o
 .text.msgbox_get
                0x08004fcc       0x3a ./src/middleware/msgbox/msgbox.o
                0x08004fcc                msgbox_get
 *fill*         0x08005006        0x2 
 .text.msgbox_publish
                0x08005008       0xb4 ./src/middleware/msgbox/msgbox.o
                0x08005008                msgbox_publish
 .text.msgbox_subscribe
                0x080050bc       0x94 ./src/middleware/msgbox/msgbox.o
                0x080050bc                msgbox_subscribe
 .text.MX_ADC1_Init
                0x08005150       0xdc ./src/platform/hal/Core/Src/adc.o
                0x08005150                MX_ADC1_Init
 .text.HAL_ADC_MspInit
                0x0800522c       0xf0 ./src/platform/hal/Core/Src/adc.o
                0x0800522c                HAL_ADC_MspInit
 .text.MX_DMA_Init
                0x0800531c       0xbc ./src/platform/hal/Core/Src/dma.o
                0x0800531c                MX_DMA_Init
 .text.MX_GPIO_Init
                0x080053d8      0x170 ./src/platform/hal/Core/Src/gpio.o
                0x080053d8                MX_GPIO_Init
 .text.MX_I2C1_Init
                0x08005548       0x5c ./src/platform/hal/Core/Src/i2c.o
                0x08005548                MX_I2C1_Init
 .text.HAL_I2C_MspInit
                0x080055a4       0x90 ./src/platform/hal/Core/Src/i2c.o
                0x080055a4                HAL_I2C_MspInit
 .text.MX_SPI2_Init
                0x08005634       0x6c ./src/platform/hal/Core/Src/spi.o
                0x08005634                MX_SPI2_Init
 .text.HAL_SPI_MspInit
                0x080056a0       0x90 ./src/platform/hal/Core/Src/spi.o
                0x080056a0                HAL_SPI_MspInit
 .text.HAL_MspInit
                0x08005730       0x50 ./src/platform/hal/Core/Src/stm32f4xx_hal_msp.o
                0x08005730                HAL_MspInit
 .text.NMI_Handler
                0x08005780        0x8 ./src/platform/hal/Core/Src/stm32f4xx_it.o
                0x08005780                NMI_Handler
 .text.HardFault_Handler
                0x08005788        0x8 ./src/platform/hal/Core/Src/stm32f4xx_it.o
                0x08005788                HardFault_Handler
 .text.MemManage_Handler
                0x08005790        0x8 ./src/platform/hal/Core/Src/stm32f4xx_it.o
                0x08005790                MemManage_Handler
 .text.BusFault_Handler
                0x08005798        0x8 ./src/platform/hal/Core/Src/stm32f4xx_it.o
                0x08005798                BusFault_Handler
 .text.UsageFault_Handler
                0x080057a0        0x8 ./src/platform/hal/Core/Src/stm32f4xx_it.o
                0x080057a0                UsageFault_Handler
 .text.SVC_Handler
                0x080057a8        0xe ./src/platform/hal/Core/Src/stm32f4xx_it.o
                0x080057a8                SVC_Handler
 .text.DebugMon_Handler
                0x080057b6        0xe ./src/platform/hal/Core/Src/stm32f4xx_it.o
                0x080057b6                DebugMon_Handler
 .text.PendSV_Handler
                0x080057c4        0xe ./src/platform/hal/Core/Src/stm32f4xx_it.o
                0x080057c4                PendSV_Handler
 .text.SysTick_Handler
                0x080057d2        0xc ./src/platform/hal/Core/Src/stm32f4xx_it.o
                0x080057d2                SysTick_Handler
 *fill*         0x080057de        0x2 
 .text.DMA1_Stream5_IRQHandler
                0x080057e0       0x14 ./src/platform/hal/Core/Src/stm32f4xx_it.o
                0x080057e0                DMA1_Stream5_IRQHandler
 .text.DMA1_Stream6_IRQHandler
                0x080057f4       0x14 ./src/platform/hal/Core/Src/stm32f4xx_it.o
                0x080057f4                DMA1_Stream6_IRQHandler
 .text.EXTI9_5_IRQHandler
                0x08005808        0xe ./src/platform/hal/Core/Src/stm32f4xx_it.o
                0x08005808                EXTI9_5_IRQHandler
 .text.EXTI15_10_IRQHandler
                0x08005816       0x14 ./src/platform/hal/Core/Src/stm32f4xx_it.o
                0x08005816                EXTI15_10_IRQHandler
 *fill*         0x0800582a        0x2 
 .text.DMA2_Stream0_IRQHandler
                0x0800582c       0x14 ./src/platform/hal/Core/Src/stm32f4xx_it.o
                0x0800582c                DMA2_Stream0_IRQHandler
 .text.DMA2_Stream1_IRQHandler
                0x08005840       0x14 ./src/platform/hal/Core/Src/stm32f4xx_it.o
                0x08005840                DMA2_Stream1_IRQHandler
 .text.DMA2_Stream2_IRQHandler
                0x08005854       0x14 ./src/platform/hal/Core/Src/stm32f4xx_it.o
                0x08005854                DMA2_Stream2_IRQHandler
 .text.DMA2_Stream6_IRQHandler
                0x08005868       0x14 ./src/platform/hal/Core/Src/stm32f4xx_it.o
                0x08005868                DMA2_Stream6_IRQHandler
 .text.DMA2_Stream7_IRQHandler
                0x0800587c       0x14 ./src/platform/hal/Core/Src/stm32f4xx_it.o
                0x0800587c                DMA2_Stream7_IRQHandler
 .text._getpid  0x08005890       0x10 ./src/platform/hal/Core/Src/syscalls.o
                0x08005890                _getpid
 .text._kill    0x080058a0       0x20 ./src/platform/hal/Core/Src/syscalls.o
                0x080058a0                _kill
 .text._exit    0x080058c0       0x16 ./src/platform/hal/Core/Src/syscalls.o
                0x080058c0                _exit
 .text._read    0x080058d6       0x3a ./src/platform/hal/Core/Src/syscalls.o
                0x080058d6                _read
 .text._close   0x08005910       0x18 ./src/platform/hal/Core/Src/syscalls.o
                0x08005910                _close
 .text._fstat   0x08005928       0x20 ./src/platform/hal/Core/Src/syscalls.o
                0x08005928                _fstat
 .text._isatty  0x08005948       0x16 ./src/platform/hal/Core/Src/syscalls.o
                0x08005948                _isatty
 .text._lseek   0x0800595e       0x1a ./src/platform/hal/Core/Src/syscalls.o
                0x0800595e                _lseek
 .text._sbrk    0x08005978       0x6c ./src/platform/hal/Core/Src/sysmem.o
                0x08005978                _sbrk
 .text.SystemInit
                0x080059e4       0x24 ./src/platform/hal/Core/Src/system_stm32f4xx.o
                0x080059e4                SystemInit
 .text.MX_TIM1_Init
                0x08005a08      0x124 ./src/platform/hal/Core/Src/tim.o
                0x08005a08                MX_TIM1_Init
 .text.MX_TIM2_Init
                0x08005b2c       0xb0 ./src/platform/hal/Core/Src/tim.o
                0x08005b2c                MX_TIM2_Init
 .text.MX_TIM3_Init
                0x08005bdc       0xf4 ./src/platform/hal/Core/Src/tim.o
                0x08005bdc                MX_TIM3_Init
 .text.MX_TIM4_Init
                0x08005cd0       0xc8 ./src/platform/hal/Core/Src/tim.o
                0x08005cd0                MX_TIM4_Init
 .text.HAL_TIM_PWM_MspInit
                0x08005d98       0xc4 ./src/platform/hal/Core/Src/tim.o
                0x08005d98                HAL_TIM_PWM_MspInit
 .text.HAL_TIM_MspPostInit
                0x08005e5c      0x158 ./src/platform/hal/Core/Src/tim.o
                0x08005e5c                HAL_TIM_MspPostInit
 .text.MX_USART1_UART_Init
                0x08005fb4       0x54 ./src/platform/hal/Core/Src/usart.o
                0x08005fb4                MX_USART1_UART_Init
 .text.MX_USART2_UART_Init
                0x08006008       0x54 ./src/platform/hal/Core/Src/usart.o
                0x08006008                MX_USART2_UART_Init
 .text.MX_USART6_UART_Init
                0x0800605c       0x54 ./src/platform/hal/Core/Src/usart.o
                0x0800605c                MX_USART6_UART_Init
 .text.HAL_UART_MspInit
                0x080060b0      0x3fc ./src/platform/hal/Core/Src/usart.o
                0x080060b0                HAL_UART_MspInit
 .text.Reset_Handler
                0x080064ac       0x50 ./src/platform/hal/Core/Startup/startup_stm32f411ceux.o
                0x080064ac                Reset_Handler
 .text.Default_Handler
                0x080064fc        0x2 ./src/platform/hal/Core/Startup/startup_stm32f411ceux.o
                0x080064fc                RTC_Alarm_IRQHandler
                0x080064fc                EXTI2_IRQHandler
                0x080064fc                SPI4_IRQHandler
                0x080064fc                TIM1_CC_IRQHandler
                0x080064fc                DMA2_Stream5_IRQHandler
                0x080064fc                PVD_IRQHandler
                0x080064fc                SDIO_IRQHandler
                0x080064fc                TAMP_STAMP_IRQHandler
                0x080064fc                EXTI3_IRQHandler
                0x080064fc                TIM1_UP_TIM10_IRQHandler
                0x080064fc                I2C3_ER_IRQHandler
                0x080064fc                EXTI0_IRQHandler
                0x080064fc                I2C2_EV_IRQHandler
                0x080064fc                DMA1_Stream2_IRQHandler
                0x080064fc                FPU_IRQHandler
                0x080064fc                SPI1_IRQHandler
                0x080064fc                TIM1_BRK_TIM9_IRQHandler
                0x080064fc                DMA2_Stream3_IRQHandler
                0x080064fc                USART6_IRQHandler
                0x080064fc                TIM4_IRQHandler
                0x080064fc                I2C1_EV_IRQHandler
                0x080064fc                DMA1_Stream1_IRQHandler
                0x080064fc                TIM3_IRQHandler
                0x080064fc                RCC_IRQHandler
                0x080064fc                Default_Handler
                0x080064fc                ADC_IRQHandler
                0x080064fc                DMA1_Stream7_IRQHandler
                0x080064fc                SPI5_IRQHandler
                0x080064fc                TIM5_IRQHandler
                0x080064fc                I2C3_EV_IRQHandler
                0x080064fc                RTC_WKUP_IRQHandler
                0x080064fc                SPI2_IRQHandler
                0x080064fc                DMA1_Stream0_IRQHandler
                0x080064fc                EXTI4_IRQHandler
                0x080064fc                WWDG_IRQHandler
                0x080064fc                TIM2_IRQHandler
                0x080064fc                OTG_FS_WKUP_IRQHandler
                0x080064fc                TIM1_TRG_COM_TIM11_IRQHandler
                0x080064fc                EXTI1_IRQHandler
                0x080064fc                USART2_IRQHandler
                0x080064fc                I2C2_ER_IRQHandler
                0x080064fc                FLASH_IRQHandler
                0x080064fc                DMA2_Stream4_IRQHandler
                0x080064fc                USART1_IRQHandler
                0x080064fc                OTG_FS_IRQHandler
                0x080064fc                SPI3_IRQHandler
                0x080064fc                DMA1_Stream4_IRQHandler
                0x080064fc                I2C1_ER_IRQHandler
                0x080064fc                DMA1_Stream3_IRQHandler
 *fill*         0x080064fe        0x2 
 .text.HAL_Init
                0x08006500       0x44 ./src/platform/hal/Drivers/STM32F4xx_HAL_Driver/Src/stm32f4xx_hal.o
                0x08006500                HAL_Init
 .text.HAL_InitTick
                0x08006544       0x60 ./src/platform/hal/Drivers/STM32F4xx_HAL_Driver/Src/stm32f4xx_hal.o
                0x08006544                HAL_InitTick
 .text.HAL_IncTick
                0x080065a4       0x28 ./src/platform/hal/Drivers/STM32F4xx_HAL_Driver/Src/stm32f4xx_hal.o
                0x080065a4                HAL_IncTick
 .text.HAL_GetTick
                0x080065cc       0x18 ./src/platform/hal/Drivers/STM32F4xx_HAL_Driver/Src/stm32f4xx_hal.o
                0x080065cc                HAL_GetTick
 .text.HAL_Delay
                0x080065e4       0x48 ./src/platform/hal/Drivers/STM32F4xx_HAL_Driver/Src/stm32f4xx_hal.o
                0x080065e4                HAL_Delay
 .text.HAL_ADC_Init
                0x0800662c       0x86 ./src/platform/hal/Drivers/STM32F4xx_HAL_Driver/Src/stm32f4xx_hal_adc.o
                0x0800662c                HAL_ADC_Init
 *fill*         0x080066b2        0x2 
 .text.HAL_ADC_Start_DMA
                0x080066b4      0x1e8 ./src/platform/hal/Drivers/STM32F4xx_HAL_Driver/Src/stm32f4xx_hal_adc.o
                0x080066b4                HAL_ADC_Start_DMA
 .text.HAL_ADC_ConvCpltCallback
                0x0800689c       0x14 ./src/platform/hal/Drivers/STM32F4xx_HAL_Driver/Src/stm32f4xx_hal_adc.o
                0x0800689c                HAL_ADC_ConvCpltCallback
 .text.HAL_ADC_ConvHalfCpltCallback
                0x080068b0       0x14 ./src/platform/hal/Drivers/STM32F4xx_HAL_Driver/Src/stm32f4xx_hal_adc.o
                0x080068b0                HAL_ADC_ConvHalfCpltCallback
 .text.HAL_ADC_ErrorCallback
                0x080068c4       0x14 ./src/platform/hal/Drivers/STM32F4xx_HAL_Driver/Src/stm32f4xx_hal_adc.o
                0x080068c4                HAL_ADC_ErrorCallback
 .text.HAL_ADC_ConfigChannel
                0x080068d8      0x264 ./src/platform/hal/Drivers/STM32F4xx_HAL_Driver/Src/stm32f4xx_hal_adc.o
                0x080068d8                HAL_ADC_ConfigChannel
 .text.ADC_Init
                0x08006b3c      0x1f8 ./src/platform/hal/Drivers/STM32F4xx_HAL_Driver/Src/stm32f4xx_hal_adc.o
 .text.ADC_DMAConvCplt
                0x08006d34       0xba ./src/platform/hal/Drivers/STM32F4xx_HAL_Driver/Src/stm32f4xx_hal_adc.o
 .text.ADC_DMAHalfConvCplt
                0x08006dee       0x1c ./src/platform/hal/Drivers/STM32F4xx_HAL_Driver/Src/stm32f4xx_hal_adc.o
 .text.ADC_DMAError
                0x08006e0a       0x2e ./src/platform/hal/Drivers/STM32F4xx_HAL_Driver/Src/stm32f4xx_hal_adc.o
 .text.__NVIC_SetPriorityGrouping
                0x08006e38       0x48 ./src/platform/hal/Drivers/STM32F4xx_HAL_Driver/Src/stm32f4xx_hal_cortex.o
 .text.__NVIC_GetPriorityGrouping
                0x08006e80       0x1c ./src/platform/hal/Drivers/STM32F4xx_HAL_Driver/Src/stm32f4xx_hal_cortex.o
 .text.__NVIC_EnableIRQ
                0x08006e9c       0x3c ./src/platform/hal/Drivers/STM32F4xx_HAL_Driver/Src/stm32f4xx_hal_cortex.o
 .text.__NVIC_SetPriority
                0x08006ed8       0x54 ./src/platform/hal/Drivers/STM32F4xx_HAL_Driver/Src/stm32f4xx_hal_cortex.o
 .text.NVIC_EncodePriority
                0x08006f2c       0x66 ./src/platform/hal/Drivers/STM32F4xx_HAL_Driver/Src/stm32f4xx_hal_cortex.o
 *fill*         0x08006f92        0x2 
 .text.SysTick_Config
                0x08006f94       0x44 ./src/platform/hal/Drivers/STM32F4xx_HAL_Driver/Src/stm32f4xx_hal_cortex.o
 .text.HAL_NVIC_SetPriorityGrouping
                0x08006fd8       0x16 ./src/platform/hal/Drivers/STM32F4xx_HAL_Driver/Src/stm32f4xx_hal_cortex.o
                0x08006fd8                HAL_NVIC_SetPriorityGrouping
 .text.HAL_NVIC_SetPriority
                0x08006fee       0x38 ./src/platform/hal/Drivers/STM32F4xx_HAL_Driver/Src/stm32f4xx_hal_cortex.o
                0x08006fee                HAL_NVIC_SetPriority
 .text.HAL_NVIC_EnableIRQ
                0x08007026       0x1c ./src/platform/hal/Drivers/STM32F4xx_HAL_Driver/Src/stm32f4xx_hal_cortex.o
                0x08007026                HAL_NVIC_EnableIRQ
 .text.HAL_SYSTICK_Config
                0x08007042       0x18 ./src/platform/hal/Drivers/STM32F4xx_HAL_Driver/Src/stm32f4xx_hal_cortex.o
                0x08007042                HAL_SYSTICK_Config
 *fill*         0x0800705a        0x2 
 .text.HAL_DMA_Init
                0x0800705c      0x15c ./src/platform/hal/Drivers/STM32F4xx_HAL_Driver/Src/stm32f4xx_hal_dma.o
                0x0800705c                HAL_DMA_Init
 .text.HAL_DMA_Start_IT
                0x080071b8       0xb0 ./src/platform/hal/Drivers/STM32F4xx_HAL_Driver/Src/stm32f4xx_hal_dma.o
                0x080071b8                HAL_DMA_Start_IT
 .text.HAL_DMA_IRQHandler
                0x08007268      0x314 ./src/platform/hal/Drivers/STM32F4xx_HAL_Driver/Src/stm32f4xx_hal_dma.o
                0x08007268                HAL_DMA_IRQHandler
 .text.DMA_SetConfig
                0x0800757c       0x5c ./src/platform/hal/Drivers/STM32F4xx_HAL_Driver/Src/stm32f4xx_hal_dma.o
 .text.DMA_CalcBaseAndBitshift
                0x080075d8       0x6c ./src/platform/hal/Drivers/STM32F4xx_HAL_Driver/Src/stm32f4xx_hal_dma.o
 .text.DMA_CheckFifoParam
                0x08007644       0xf8 ./src/platform/hal/Drivers/STM32F4xx_HAL_Driver/Src/stm32f4xx_hal_dma.o
 .text.HAL_GPIO_Init
                0x0800773c      0x308 ./src/platform/hal/Drivers/STM32F4xx_HAL_Driver/Src/stm32f4xx_hal_gpio.o
                0x0800773c                HAL_GPIO_Init
 .text.HAL_GPIO_WritePin
                0x08007a44       0x32 ./src/platform/hal/Drivers/STM32F4xx_HAL_Driver/Src/stm32f4xx_hal_gpio.o
                0x08007a44                HAL_GPIO_WritePin
 *fill*         0x08007a76        0x2 
 .text.HAL_GPIO_EXTI_IRQHandler
                0x08007a78       0x30 ./src/platform/hal/Drivers/STM32F4xx_HAL_Driver/Src/stm32f4xx_hal_gpio.o
                0x08007a78                HAL_GPIO_EXTI_IRQHandler
 .text.HAL_GPIO_EXTI_Callback
                0x08007aa8       0x16 ./src/platform/hal/Drivers/STM32F4xx_HAL_Driver/Src/stm32f4xx_hal_gpio.o
                0x08007aa8                HAL_GPIO_EXTI_Callback
 *fill*         0x08007abe        0x2 
 .text.HAL_I2C_Init
                0x08007ac0      0x288 ./src/platform/hal/Drivers/STM32F4xx_HAL_Driver/Src/stm32f4xx_hal_i2c.o
                0x08007ac0                HAL_I2C_Init
 .text.HAL_RCC_OscConfig
                0x08007d48      0x4f0 ./src/platform/hal/Drivers/STM32F4xx_HAL_Driver/Src/stm32f4xx_hal_rcc.o
                0x08007d48                HAL_RCC_OscConfig
 .text.HAL_RCC_ClockConfig
                0x08008238      0x1cc ./src/platform/hal/Drivers/STM32F4xx_HAL_Driver/Src/stm32f4xx_hal_rcc.o
                0x08008238                HAL_RCC_ClockConfig
 .text.HAL_RCC_GetSysClockFreq
                0x08008404      0x18c ./src/platform/hal/Drivers/STM32F4xx_HAL_Driver/Src/stm32f4xx_hal_rcc.o
                0x08008404                HAL_RCC_GetSysClockFreq
 .text.HAL_RCC_GetHCLKFreq
                0x08008590       0x18 ./src/platform/hal/Drivers/STM32F4xx_HAL_Driver/Src/stm32f4xx_hal_rcc.o
                0x08008590                HAL_RCC_GetHCLKFreq
 .text.HAL_RCC_GetPCLK1Freq
                0x080085a8       0x28 ./src/platform/hal/Drivers/STM32F4xx_HAL_Driver/Src/stm32f4xx_hal_rcc.o
                0x080085a8                HAL_RCC_GetPCLK1Freq
 .text.HAL_RCC_GetPCLK2Freq
                0x080085d0       0x28 ./src/platform/hal/Drivers/STM32F4xx_HAL_Driver/Src/stm32f4xx_hal_rcc.o
                0x080085d0                HAL_RCC_GetPCLK2Freq
 .text.HAL_SPI_Init
                0x080085f8      0x112 ./src/platform/hal/Drivers/STM32F4xx_HAL_Driver/Src/stm32f4xx_hal_spi.o
                0x080085f8                HAL_SPI_Init
 .text.HAL_SPI_Transmit
                0x0800870a      0x288 ./src/platform/hal/Drivers/STM32F4xx_HAL_Driver/Src/stm32f4xx_hal_spi.o
                0x0800870a                HAL_SPI_Transmit
 .text.HAL_SPI_Receive
                0x08008992      0x232 ./src/platform/hal/Drivers/STM32F4xx_HAL_Driver/Src/stm32f4xx_hal_spi.o
                0x08008992                HAL_SPI_Receive
 .text.HAL_SPI_TransmitReceive
                0x08008bc4      0x352 ./src/platform/hal/Drivers/STM32F4xx_HAL_Driver/Src/stm32f4xx_hal_spi.o
                0x08008bc4                HAL_SPI_TransmitReceive
 *fill*         0x08008f16        0x2 
 .text.SPI_WaitFlagStateUntilTimeout
                0x08008f18      0x110 ./src/platform/hal/Drivers/STM32F4xx_HAL_Driver/Src/stm32f4xx_hal_spi.o
 .text.SPI_EndRxTransaction
                0x08009028       0xca ./src/platform/hal/Drivers/STM32F4xx_HAL_Driver/Src/stm32f4xx_hal_spi.o
 *fill*         0x080090f2        0x2 
 .text.SPI_EndRxTxTransaction
                0x080090f4       0xa8 ./src/platform/hal/Drivers/STM32F4xx_HAL_Driver/Src/stm32f4xx_hal_spi.o
 .text.HAL_TIM_PWM_Init
                0x0800919c       0x9e ./src/platform/hal/Drivers/STM32F4xx_HAL_Driver/Src/stm32f4xx_hal_tim.o
                0x0800919c                HAL_TIM_PWM_Init
 *fill*         0x0800923a        0x2 
 .text.HAL_TIM_PWM_Start
                0x0800923c      0x160 ./src/platform/hal/Drivers/STM32F4xx_HAL_Driver/Src/stm32f4xx_hal_tim.o
                0x0800923c                HAL_TIM_PWM_Start
 .text.HAL_TIM_PWM_ConfigChannel
                0x0800939c      0x184 ./src/platform/hal/Drivers/STM32F4xx_HAL_Driver/Src/stm32f4xx_hal_tim.o
                0x0800939c                HAL_TIM_PWM_ConfigChannel
 .text.TIM_Base_SetConfig
                0x08009520      0x10c ./src/platform/hal/Drivers/STM32F4xx_HAL_Driver/Src/stm32f4xx_hal_tim.o
                0x08009520                TIM_Base_SetConfig
 .text.TIM_OC1_SetConfig
                0x0800962c       0xcc ./src/platform/hal/Drivers/STM32F4xx_HAL_Driver/Src/stm32f4xx_hal_tim.o
 .text.TIM_OC2_SetConfig
                0x080096f8       0xd8 ./src/platform/hal/Drivers/STM32F4xx_HAL_Driver/Src/stm32f4xx_hal_tim.o
                0x080096f8                TIM_OC2_SetConfig
 .text.TIM_OC3_SetConfig
                0x080097d0       0xd4 ./src/platform/hal/Drivers/STM32F4xx_HAL_Driver/Src/stm32f4xx_hal_tim.o
 .text.TIM_OC4_SetConfig
                0x080098a4       0xa0 ./src/platform/hal/Drivers/STM32F4xx_HAL_Driver/Src/stm32f4xx_hal_tim.o
 .text.TIM_CCxChannelCmd
                0x08009944       0x4a ./src/platform/hal/Drivers/STM32F4xx_HAL_Driver/Src/stm32f4xx_hal_tim.o
                0x08009944                TIM_CCxChannelCmd
 *fill*         0x0800998e        0x2 
 .text.HAL_TIMEx_MasterConfigSynchronization
                0x08009990       0xdc ./src/platform/hal/Drivers/STM32F4xx_HAL_Driver/Src/stm32f4xx_hal_tim_ex.o
                0x08009990                HAL_TIMEx_MasterConfigSynchronization
 .text.HAL_TIMEx_ConfigBreakDeadTime
                0x08009a6c       0xa4 ./src/platform/hal/Drivers/STM32F4xx_HAL_Driver/Src/stm32f4xx_hal_tim_ex.o
                0x08009a6c                HAL_TIMEx_ConfigBreakDeadTime
 .text.HAL_UART_Init
                0x08009b10       0xa0 ./src/platform/hal/Drivers/STM32F4xx_HAL_Driver/Src/stm32f4xx_hal_uart.o
                0x08009b10                HAL_UART_Init
 .text.HAL_UART_Transmit
                0x08009bb0      0x116 ./src/platform/hal/Drivers/STM32F4xx_HAL_Driver/Src/stm32f4xx_hal_uart.o
                0x08009bb0                HAL_UART_Transmit
 .text.HAL_UART_Receive_DMA
                0x08009cc6       0x4a ./src/platform/hal/Drivers/STM32F4xx_HAL_Driver/Src/stm32f4xx_hal_uart.o
                0x08009cc6                HAL_UART_Receive_DMA
 .text.HAL_UART_RxHalfCpltCallback
                0x08009d10       0x14 ./src/platform/hal/Drivers/STM32F4xx_HAL_Driver/Src/stm32f4xx_hal_uart.o
                0x08009d10                HAL_UART_RxHalfCpltCallback
 .text.HAL_UARTEx_RxEventCallback
                0x08009d24       0x18 ./src/platform/hal/Drivers/STM32F4xx_HAL_Driver/Src/stm32f4xx_hal_uart.o
                0x08009d24                HAL_UARTEx_RxEventCallback
 .text.UART_DMAReceiveCplt
                0x08009d3c      0x12c ./src/platform/hal/Drivers/STM32F4xx_HAL_Driver/Src/stm32f4xx_hal_uart.o
 .text.UART_DMARxHalfCplt
                0x08009e68       0x3c ./src/platform/hal/Drivers/STM32F4xx_HAL_Driver/Src/stm32f4xx_hal_uart.o
 .text.UART_DMAError
                0x08009ea4       0x94 ./src/platform/hal/Drivers/STM32F4xx_HAL_Driver/Src/stm32f4xx_hal_uart.o
 .text.UART_WaitOnFlagUntilTimeout
                0x08009f38       0xb2 ./src/platform/hal/Drivers/STM32F4xx_HAL_Driver/Src/stm32f4xx_hal_uart.o
 *fill*         0x08009fea        0x2 
 .text.UART_Start_Receive_DMA
                0x08009fec      0x14c ./src/platform/hal/Drivers/STM32F4xx_HAL_Driver/Src/stm32f4xx_hal_uart.o
                0x08009fec                UART_Start_Receive_DMA
 .text.UART_EndTxTransfer
                0x0800a138       0x50 ./src/platform/hal/Drivers/STM32F4xx_HAL_Driver/Src/stm32f4xx_hal_uart.o
 .text.UART_EndRxTransfer
                0x0800a188       0xc6 ./src/platform/hal/Drivers/STM32F4xx_HAL_Driver/Src/stm32f4xx_hal_uart.o
 *fill*         0x0800a24e        0x2 
 .text.UART_SetConfig
                0x0800a250      0x4e8 ./src/platform/hal/Drivers/STM32F4xx_HAL_Driver/Src/stm32f4xx_hal_uart.o
 .text.platform_hal_init
                0x0800a738       0x40 ./src/platform/hal/platform_hal.o
                0x0800a738                platform_hal_init
 .text.SystemClock_Config
                0x0800a778       0xd0 ./src/platform/hal/platform_hal.o
                0x0800a778                SystemClock_Config
 .text.Error_Handler
                0x0800a848        0xc ./src/platform/hal/platform_hal.o
                0x0800a848                Error_Handler
 .text.__assert_func
                0x0800a854       0x3c C:/ST/STM32CubeIDE_1.19.0/STM32CubeIDE/plugins/com.st.stm32cube.ide.mcu.externaltools.gnu-tools-for-stm32.13.3.rel1.win32_1.0.100.202509120712/tools/bin/../lib/gcc/arm-none-eabi/13.3.1/../../../../arm-none-eabi/lib/thumb/v7e-m+fp/hard\libc_nano.a(libc_a-assert.o)
                0x0800a854                __assert_func
 .text.std      0x0800a890       0x6c C:/ST/STM32CubeIDE_1.19.0/STM32CubeIDE/plugins/com.st.stm32cube.ide.mcu.externaltools.gnu-tools-for-stm32.13.3.rel1.win32_1.0.100.202509120712/tools/bin/../lib/gcc/arm-none-eabi/13.3.1/../../../../arm-none-eabi/lib/thumb/v7e-m+fp/hard\libc_nano.a(libc_a-findfp.o)
 .text.stdio_exit_handler
                0x0800a8fc       0x18 C:/ST/STM32CubeIDE_1.19.0/STM32CubeIDE/plugins/com.st.stm32cube.ide.mcu.externaltools.gnu-tools-for-stm32.13.3.rel1.win32_1.0.100.202509120712/tools/bin/../lib/gcc/arm-none-eabi/13.3.1/../../../../arm-none-eabi/lib/thumb/v7e-m+fp/hard\libc_nano.a(libc_a-findfp.o)
 .text.cleanup_stdio
                0x0800a914       0x40 C:/ST/STM32CubeIDE_1.19.0/STM32CubeIDE/plugins/com.st.stm32cube.ide.mcu.externaltools.gnu-tools-for-stm32.13.3.rel1.win32_1.0.100.202509120712/tools/bin/../lib/gcc/arm-none-eabi/13.3.1/../../../../arm-none-eabi/lib/thumb/v7e-m+fp/hard\libc_nano.a(libc_a-findfp.o)
 .text.global_stdio_init.part.0
                0x0800a954       0x3c C:/ST/STM32CubeIDE_1.19.0/STM32CubeIDE/plugins/com.st.stm32cube.ide.mcu.externaltools.gnu-tools-for-stm32.13.3.rel1.win32_1.0.100.202509120712/tools/bin/../lib/gcc/arm-none-eabi/13.3.1/../../../../arm-none-eabi/lib/thumb/v7e-m+fp/hard\libc_nano.a(libc_a-findfp.o)
 .text.__sfp_lock_acquire
                0x0800a990        0xc C:/ST/STM32CubeIDE_1.19.0/STM32CubeIDE/plugins/com.st.stm32cube.ide.mcu.externaltools.gnu-tools-for-stm32.13.3.rel1.win32_1.0.100.202509120712/tools/bin/../lib/gcc/arm-none-eabi/13.3.1/../../../../arm-none-eabi/lib/thumb/v7e-m+fp/hard\libc_nano.a(libc_a-findfp.o)
                0x0800a990                __sfp_lock_acquire
 .text.__sfp_lock_release
                0x0800a99c        0xc C:/ST/STM32CubeIDE_1.19.0/STM32CubeIDE/plugins/com.st.stm32cube.ide.mcu.externaltools.gnu-tools-for-stm32.13.3.rel1.win32_1.0.100.202509120712/tools/bin/../lib/gcc/arm-none-eabi/13.3.1/../../../../arm-none-eabi/lib/thumb/v7e-m+fp/hard\libc_nano.a(libc_a-findfp.o)
                0x0800a99c                __sfp_lock_release
 .text.__sinit  0x0800a9a8       0x30 C:/ST/STM32CubeIDE_1.19.0/STM32CubeIDE/plugins/com.st.stm32cube.ide.mcu.externaltools.gnu-tools-for-stm32.13.3.rel1.win32_1.0.100.202509120712/tools/bin/../lib/gcc/arm-none-eabi/13.3.1/../../../../arm-none-eabi/lib/thumb/v7e-m+fp/hard\libc_nano.a(libc_a-findfp.o)
                0x0800a9a8                __sinit
 .text.fprintf  0x0800a9d8       0x24 C:/ST/STM32CubeIDE_1.19.0/STM32CubeIDE/plugins/com.st.stm32cube.ide.mcu.externaltools.gnu-tools-for-stm32.13.3.rel1.win32_1.0.100.202509120712/tools/bin/../lib/gcc/arm-none-eabi/13.3.1/../../../../arm-none-eabi/lib/thumb/v7e-m+fp/hard\libc_nano.a(libc_a-fprintf.o)
                0x0800a9d8                fiprintf
                0x0800a9d8                fprintf
 .text._fwalk_sglue
                0x0800a9fc       0x3c C:/ST/STM32CubeIDE_1.19.0/STM32CubeIDE/plugins/com.st.stm32cube.ide.mcu.externaltools.gnu-tools-for-stm32.13.3.rel1.win32_1.0.100.202509120712/tools/bin/../lib/gcc/arm-none-eabi/13.3.1/../../../../arm-none-eabi/lib/thumb/v7e-m+fp/hard\libc_nano.a(libc_a-fwalk.o)
                0x0800a9fc                _fwalk_sglue
 .text.__sread  0x0800aa38       0x22 C:/ST/STM32CubeIDE_1.19.0/STM32CubeIDE/plugins/com.st.stm32cube.ide.mcu.externaltools.gnu-tools-for-stm32.13.3.rel1.win32_1.0.100.202509120712/tools/bin/../lib/gcc/arm-none-eabi/13.3.1/../../../../arm-none-eabi/lib/thumb/v7e-m+fp/hard\libc_nano.a(libc_a-stdio.o)
                0x0800aa38                __sread
 .text.__swrite
                0x0800aa5a       0x38 C:/ST/STM32CubeIDE_1.19.0/STM32CubeIDE/plugins/com.st.stm32cube.ide.mcu.externaltools.gnu-tools-for-stm32.13.3.rel1.win32_1.0.100.202509120712/tools/bin/../lib/gcc/arm-none-eabi/13.3.1/../../../../arm-none-eabi/lib/thumb/v7e-m+fp/hard\libc_nano.a(libc_a-stdio.o)
                0x0800aa5a                __swrite
 .text.__sseek  0x0800aa92       0x24 C:/ST/STM32CubeIDE_1.19.0/STM32CubeIDE/plugins/com.st.stm32cube.ide.mcu.externaltools.gnu-tools-for-stm32.13.3.rel1.win32_1.0.100.202509120712/tools/bin/../lib/gcc/arm-none-eabi/13.3.1/../../../../arm-none-eabi/lib/thumb/v7e-m+fp/hard\libc_nano.a(libc_a-stdio.o)
                0x0800aa92                __sseek
 .text.__sclose
                0x0800aab6        0x8 C:/ST/STM32CubeIDE_1.19.0/STM32CubeIDE/plugins/com.st.stm32cube.ide.mcu.externaltools.gnu-tools-for-stm32.13.3.rel1.win32_1.0.100.202509120712/tools/bin/../lib/gcc/arm-none-eabi/13.3.1/../../../../arm-none-eabi/lib/thumb/v7e-m+fp/hard\libc_nano.a(libc_a-stdio.o)
                0x0800aab6                __sclose
 .text.memset   0x0800aabe       0x10 C:/ST/STM32CubeIDE_1.19.0/STM32CubeIDE/plugins/com.st.stm32cube.ide.mcu.externaltools.gnu-tools-for-stm32.13.3.rel1.win32_1.0.100.202509120712/tools/bin/../lib/gcc/arm-none-eabi/13.3.1/../../../../arm-none-eabi/lib/thumb/v7e-m+fp/hard\libc_nano.a(libc_a-memset.o)
                0x0800aabe                memset
 .text.strncmp  0x0800aace       0x24 C:/ST/STM32CubeIDE_1.19.0/STM32CubeIDE/plugins/com.st.stm32cube.ide.mcu.externaltools.gnu-tools-for-stm32.13.3.rel1.win32_1.0.100.202509120712/tools/bin/../lib/gcc/arm-none-eabi/13.3.1/../../../../arm-none-eabi/lib/thumb/v7e-m+fp/hard\libc_nano.a(libc_a-strncmp.o)
                0x0800aace                strncmp
 .text.strncpy  0x0800aaf2       0x26 C:/ST/STM32CubeIDE_1.19.0/STM32CubeIDE/plugins/com.st.stm32cube.ide.mcu.externaltools.gnu-tools-for-stm32.13.3.rel1.win32_1.0.100.202509120712/tools/bin/../lib/gcc/arm-none-eabi/13.3.1/../../../../arm-none-eabi/lib/thumb/v7e-m+fp/hard\libc_nano.a(libc_a-strncpy.o)
                0x0800aaf2                strncpy
 .text._close_r
                0x0800ab18       0x20 C:/ST/STM32CubeIDE_1.19.0/STM32CubeIDE/plugins/com.st.stm32cube.ide.mcu.externaltools.gnu-tools-for-stm32.13.3.rel1.win32_1.0.100.202509120712/tools/bin/../lib/gcc/arm-none-eabi/13.3.1/../../../../arm-none-eabi/lib/thumb/v7e-m+fp/hard\libc_nano.a(libc_a-closer.o)
                0x0800ab18                _close_r
 .text._lseek_r
                0x0800ab38       0x24 C:/ST/STM32CubeIDE_1.19.0/STM32CubeIDE/plugins/com.st.stm32cube.ide.mcu.externaltools.gnu-tools-for-stm32.13.3.rel1.win32_1.0.100.202509120712/tools/bin/../lib/gcc/arm-none-eabi/13.3.1/../../../../arm-none-eabi/lib/thumb/v7e-m+fp/hard\libc_nano.a(libc_a-lseekr.o)
                0x0800ab38                _lseek_r
 .text._read_r  0x0800ab5c       0x24 C:/ST/STM32CubeIDE_1.19.0/STM32CubeIDE/plugins/com.st.stm32cube.ide.mcu.externaltools.gnu-tools-for-stm32.13.3.rel1.win32_1.0.100.202509120712/tools/bin/../lib/gcc/arm-none-eabi/13.3.1/../../../../arm-none-eabi/lib/thumb/v7e-m+fp/hard\libc_nano.a(libc_a-readr.o)
                0x0800ab5c                _read_r
 .text._write_r
                0x0800ab80       0x24 C:/ST/STM32CubeIDE_1.19.0/STM32CubeIDE/plugins/com.st.stm32cube.ide.mcu.externaltools.gnu-tools-for-stm32.13.3.rel1.win32_1.0.100.202509120712/tools/bin/../lib/gcc/arm-none-eabi/13.3.1/../../../../arm-none-eabi/lib/thumb/v7e-m+fp/hard\libc_nano.a(libc_a-writer.o)
                0x0800ab80                _write_r
 .text.__errno  0x0800aba4        0xc C:/ST/STM32CubeIDE_1.19.0/STM32CubeIDE/plugins/com.st.stm32cube.ide.mcu.externaltools.gnu-tools-for-stm32.13.3.rel1.win32_1.0.100.202509120712/tools/bin/../lib/gcc/arm-none-eabi/13.3.1/../../../../arm-none-eabi/lib/thumb/v7e-m+fp/hard\libc_nano.a(libc_a-errno.o)
                0x0800aba4                __errno
 .text.__libc_init_array
                0x0800abb0       0x48 C:/ST/STM32CubeIDE_1.19.0/STM32CubeIDE/plugins/com.st.stm32cube.ide.mcu.externaltools.gnu-tools-for-stm32.13.3.rel1.win32_1.0.100.202509120712/tools/bin/../lib/gcc/arm-none-eabi/13.3.1/../../../../arm-none-eabi/lib/thumb/v7e-m+fp/hard\libc_nano.a(libc_a-init.o)
                0x0800abb0                __libc_init_array
 .text.__retarget_lock_init_recursive
                0x0800abf8        0x2 C:/ST/STM32CubeIDE_1.19.0/STM32CubeIDE/plugins/com.st.stm32cube.ide.mcu.externaltools.gnu-tools-for-stm32.13.3.rel1.win32_1.0.100.202509120712/tools/bin/../lib/gcc/arm-none-eabi/13.3.1/../../../../arm-none-eabi/lib/thumb/v7e-m+fp/hard\libc_nano.a(libc_a-lock.o)
                0x0800abf8                __retarget_lock_init_recursive
 .text.__retarget_lock_acquire_recursive
                0x0800abfa        0x2 C:/ST/STM32CubeIDE_1.19.0/STM32CubeIDE/plugins/com.st.stm32cube.ide.mcu.externaltools.gnu-tools-for-stm32.13.3.rel1.win32_1.0.100.202509120712/tools/bin/../lib/gcc/arm-none-eabi/13.3.1/../../../../arm-none-eabi/lib/thumb/v7e-m+fp/hard\libc_nano.a(libc_a-lock.o)
                0x0800abfa                __retarget_lock_acquire_recursive
 .text.__retarget_lock_release_recursive
                0x0800abfc        0x2 C:/ST/STM32CubeIDE_1.19.0/STM32CubeIDE/plugins/com.st.stm32cube.ide.mcu.externaltools.gnu-tools-for-stm32.13.3.rel1.win32_1.0.100.202509120712/tools/bin/../lib/gcc/arm-none-eabi/13.3.1/../../../../arm-none-eabi/lib/thumb/v7e-m+fp/hard\libc_nano.a(libc_a-lock.o)
                0x0800abfc                __retarget_lock_release_recursive
 .text.memcpy   0x0800abfe       0x1c C:/ST/STM32CubeIDE_1.19.0/STM32CubeIDE/plugins/com.st.stm32cube.ide.mcu.externaltools.gnu-tools-for-stm32.13.3.rel1.win32_1.0.100.202509120712/tools/bin/../lib/gcc/arm-none-eabi/13.3.1/../../../../arm-none-eabi/lib/thumb/v7e-m+fp/hard\libc_nano.a(libc_a-memcpy-stub.o)
                0x0800abfe                memcpy
 .text.copysignf
                0x0800ac1a       0x16 C:/ST/STM32CubeIDE_1.19.0/STM32CubeIDE/plugins/com.st.stm32cube.ide.mcu.externaltools.gnu-tools-for-stm32.13.3.rel1.win32_1.0.100.202509120712/tools/bin/../lib/gcc/arm-none-eabi/13.3.1/../../../../arm-none-eabi/lib/thumb/v7e-m+fp/hard\libc_nano.a(libm_a-sf_copysign.o)
                0x0800ac1a                copysignf
 .text.abort    0x0800ac30        0xe C:/ST/STM32CubeIDE_1.19.0/STM32CubeIDE/plugins/com.st.stm32cube.ide.mcu.externaltools.gnu-tools-for-stm32.13.3.rel1.win32_1.0.100.202509120712/tools/bin/../lib/gcc/arm-none-eabi/13.3.1/../../../../arm-none-eabi/lib/thumb/v7e-m+fp/hard\libc_nano.a(libc_a-abort.o)
                0x0800ac30                abort
 *fill*         0x0800ac3e        0x2 
 .text._free_r  0x0800ac40       0x94 C:/ST/STM32CubeIDE_1.19.0/STM32CubeIDE/plugins/com.st.stm32cube.ide.mcu.externaltools.gnu-tools-for-stm32.13.3.rel1.win32_1.0.100.202509120712/tools/bin/../lib/gcc/arm-none-eabi/13.3.1/../../../../arm-none-eabi/lib/thumb/v7e-m+fp/hard\libc_nano.a(libc_a-freer.o)
                0x0800ac40                _free_r
 .text.sbrk_aligned
                0x0800acd4       0x44 C:/ST/STM32CubeIDE_1.19.0/STM32CubeIDE/plugins/com.st.stm32cube.ide.mcu.externaltools.gnu-tools-for-stm32.13.3.rel1.win32_1.0.100.202509120712/tools/bin/../lib/gcc/arm-none-eabi/13.3.1/../../../../arm-none-eabi/lib/thumb/v7e-m+fp/hard\libc_nano.a(libc_a-mallocr.o)
 .text._malloc_r
                0x0800ad18      0x100 C:/ST/STM32CubeIDE_1.19.0/STM32CubeIDE/plugins/com.st.stm32cube.ide.mcu.externaltools.gnu-tools-for-stm32.13.3.rel1.win32_1.0.100.202509120712/tools/bin/../lib/gcc/arm-none-eabi/13.3.1/../../../../arm-none-eabi/lib/thumb/v7e-m+fp/hard\libc_nano.a(libc_a-mallocr.o)
                0x0800ad18                _malloc_r
 .text.__malloc_lock
                0x0800ae18        0xc C:/ST/STM32CubeIDE_1.19.0/STM32CubeIDE/plugins/com.st.stm32cube.ide.mcu.externaltools.gnu-tools-for-stm32.13.3.rel1.win32_1.0.100.202509120712/tools/bin/../lib/gcc/arm-none-eabi/13.3.1/../../../../arm-none-eabi/lib/thumb/v7e-m+fp/hard\libc_nano.a(libc_a-mlock.o)
                0x0800ae18                __malloc_lock
 .text.__malloc_unlock
                0x0800ae24        0xc C:/ST/STM32CubeIDE_1.19.0/STM32CubeIDE/plugins/com.st.stm32cube.ide.mcu.externaltools.gnu-tools-for-stm32.13.3.rel1.win32_1.0.100.202509120712/tools/bin/../lib/gcc/arm-none-eabi/13.3.1/../../../../arm-none-eabi/lib/thumb/v7e-m+fp/hard\libc_nano.a(libc_a-mlock.o)
                0x0800ae24                __malloc_unlock
 .text.__sfputc_r
                0x0800ae30       0x2e C:/ST/STM32CubeIDE_1.19.0/STM32CubeIDE/plugins/com.st.stm32cube.ide.mcu.externaltools.gnu-tools-for-stm32.13.3.rel1.win32_1.0.100.202509120712/tools/bin/../lib/gcc/arm-none-eabi/13.3.1/../../../../arm-none-eabi/lib/thumb/v7e-m+fp/hard\libc_nano.a(libc_a-nano-vfprintf.o)
 .text.__sfputs_r
                0x0800ae5e       0x24 C:/ST/STM32CubeIDE_1.19.0/STM32CubeIDE/plugins/com.st.stm32cube.ide.mcu.externaltools.gnu-tools-for-stm32.13.3.rel1.win32_1.0.100.202509120712/tools/bin/../lib/gcc/arm-none-eabi/13.3.1/../../../../arm-none-eabi/lib/thumb/v7e-m+fp/hard\libc_nano.a(libc_a-nano-vfprintf.o)
                0x0800ae5e                __sfputs_r
 *fill*         0x0800ae82        0x2 
 .text._vfprintf_r
                0x0800ae84      0x230 C:/ST/STM32CubeIDE_1.19.0/STM32CubeIDE/plugins/com.st.stm32cube.ide.mcu.externaltools.gnu-tools-for-stm32.13.3.rel1.win32_1.0.100.202509120712/tools/bin/../lib/gcc/arm-none-eabi/13.3.1/../../../../arm-none-eabi/lib/thumb/v7e-m+fp/hard\libc_nano.a(libc_a-nano-vfprintf.o)
                0x0800ae84                _vfprintf_r
                0x0800ae84                _vfiprintf_r
 .text._printf_common
                0x0800b0b4       0xda C:/ST/STM32CubeIDE_1.19.0/STM32CubeIDE/plugins/com.st.stm32cube.ide.mcu.externaltools.gnu-tools-for-stm32.13.3.rel1.win32_1.0.100.202509120712/tools/bin/../lib/gcc/arm-none-eabi/13.3.1/../../../../arm-none-eabi/lib/thumb/v7e-m+fp/hard\libc_nano.a(libc_a-nano-vfprintf_i.o)
                0x0800b0b4                _printf_common
 *fill*         0x0800b18e        0x2 
 .text._printf_i
                0x0800b190      0x23c C:/ST/STM32CubeIDE_1.19.0/STM32CubeIDE/plugins/com.st.stm32cube.ide.mcu.externaltools.gnu-tools-for-stm32.13.3.rel1.win32_1.0.100.202509120712/tools/bin/../lib/gcc/arm-none-eabi/13.3.1/../../../../arm-none-eabi/lib/thumb/v7e-m+fp/hard\libc_nano.a(libc_a-nano-vfprintf_i.o)
                0x0800b190                _printf_i
 .text.__sflush_r
                0x0800b3cc      0x108 C:/ST/STM32CubeIDE_1.19.0/STM32CubeIDE/plugins/com.st.stm32cube.ide.mcu.externaltools.gnu-tools-for-stm32.13.3.rel1.win32_1.0.100.202509120712/tools/bin/../lib/gcc/arm-none-eabi/13.3.1/../../../../arm-none-eabi/lib/thumb/v7e-m+fp/hard\libc_nano.a(libc_a-fflush.o)
                0x0800b3cc                __sflush_r
 .text._fflush_r
                0x0800b4d4       0x50 C:/ST/STM32CubeIDE_1.19.0/STM32CubeIDE/plugins/com.st.stm32cube.ide.mcu.externaltools.gnu-tools-for-stm32.13.3.rel1.win32_1.0.100.202509120712/tools/bin/../lib/gcc/arm-none-eabi/13.3.1/../../../../arm-none-eabi/lib/thumb/v7e-m+fp/hard\libc_nano.a(libc_a-fflush.o)
                0x0800b4d4                _fflush_r
 .text.__swbuf_r
                0x0800b524       0x7c C:/ST/STM32CubeIDE_1.19.0/STM32CubeIDE/plugins/com.st.stm32cube.ide.mcu.externaltools.gnu-tools-for-stm32.13.3.rel1.win32_1.0.100.202509120712/tools/bin/../lib/gcc/arm-none-eabi/13.3.1/../../../../arm-none-eabi/lib/thumb/v7e-m+fp/hard\libc_nano.a(libc_a-wbuf.o)
                0x0800b524                __swbuf_r
 .text.__swsetup_r
                0x0800b5a0       0xac C:/ST/STM32CubeIDE_1.19.0/STM32CubeIDE/plugins/com.st.stm32cube.ide.mcu.externaltools.gnu-tools-for-stm32.13.3.rel1.win32_1.0.100.202509120712/tools/bin/../lib/gcc/arm-none-eabi/13.3.1/../../../../arm-none-eabi/lib/thumb/v7e-m+fp/hard\libc_nano.a(libc_a-wsetup.o)
                0x0800b5a0                __swsetup_r
 .text._raise_r
                0x0800b64c       0x50 C:/ST/STM32CubeIDE_1.19.0/STM32CubeIDE/plugins/com.st.stm32cube.ide.mcu.externaltools.gnu-tools-for-stm32.13.3.rel1.win32_1.0.100.202509120712/tools/bin/../lib/gcc/arm-none-eabi/13.3.1/../../../../arm-none-eabi/lib/thumb/v7e-m+fp/hard\libc_nano.a(libc_a-signal.o)
                0x0800b64c                _raise_r
 .text.raise    0x0800b69c       0x10 C:/ST/STM32CubeIDE_1.19.0/STM32CubeIDE/plugins/com.st.stm32cube.ide.mcu.externaltools.gnu-tools-for-stm32.13.3.rel1.win32_1.0.100.202509120712/tools/bin/../lib/gcc/arm-none-eabi/13.3.1/../../../../arm-none-eabi/lib/thumb/v7e-m+fp/hard\libc_nano.a(libc_a-signal.o)
                0x0800b69c                raise
 .text._kill_r  0x0800b6ac       0x24 C:/ST/STM32CubeIDE_1.19.0/STM32CubeIDE/plugins/com.st.stm32cube.ide.mcu.externaltools.gnu-tools-for-stm32.13.3.rel1.win32_1.0.100.202509120712/tools/bin/../lib/gcc/arm-none-eabi/13.3.1/../../../../arm-none-eabi/lib/thumb/v7e-m+fp/hard\libc_nano.a(libc_a-signalr.o)
                0x0800b6ac                _kill_r
 .text._getpid_r
                0x0800b6d0        0x4 C:/ST/STM32CubeIDE_1.19.0/STM32CubeIDE/plugins/com.st.stm32cube.ide.mcu.externaltools.gnu-tools-for-stm32.13.3.rel1.win32_1.0.100.202509120712/tools/bin/../lib/gcc/arm-none-eabi/13.3.1/../../../../arm-none-eabi/lib/thumb/v7e-m+fp/hard\libc_nano.a(libc_a-signalr.o)
                0x0800b6d0                _getpid_r
 .text._sbrk_r  0x0800b6d4       0x20 C:/ST/STM32CubeIDE_1.19.0/STM32CubeIDE/plugins/com.st.stm32cube.ide.mcu.externaltools.gnu-tools-for-stm32.13.3.rel1.win32_1.0.100.202509120712/tools/bin/../lib/gcc/arm-none-eabi/13.3.1/../../../../arm-none-eabi/lib/thumb/v7e-m+fp/hard\libc_nano.a(libc_a-sbrkr.o)
                0x0800b6d4                _sbrk_r
 .text.__swhatbuf_r
                0x0800b6f4       0x4c C:/ST/STM32CubeIDE_1.19.0/STM32CubeIDE/plugins/com.st.stm32cube.ide.mcu.externaltools.gnu-tools-for-stm32.13.3.rel1.win32_1.0.100.202509120712/tools/bin/../lib/gcc/arm-none-eabi/13.3.1/../../../../arm-none-eabi/lib/thumb/v7e-m+fp/hard\libc_nano.a(libc_a-makebuf.o)
                0x0800b6f4                __swhatbuf_r
 .text.__smakebuf_r
                0x0800b740       0x78 C:/ST/STM32CubeIDE_1.19.0/STM32CubeIDE/plugins/com.st.stm32cube.ide.mcu.externaltools.gnu-tools-for-stm32.13.3.rel1.win32_1.0.100.202509120712/tools/bin/../lib/gcc/arm-none-eabi/13.3.1/../../../../arm-none-eabi/lib/thumb/v7e-m+fp/hard\libc_nano.a(libc_a-makebuf.o)
                0x0800b740                __smakebuf_r
 .text._fstat_r
                0x0800b7b8       0x24 C:/ST/STM32CubeIDE_1.19.0/STM32CubeIDE/plugins/com.st.stm32cube.ide.mcu.externaltools.gnu-tools-for-stm32.13.3.rel1.win32_1.0.100.202509120712/tools/bin/../lib/gcc/arm-none-eabi/13.3.1/../../../../arm-none-eabi/lib/thumb/v7e-m+fp/hard\libc_nano.a(libc_a-fstatr.o)
                0x0800b7b8                _fstat_r
 .text._isatty_r
                0x0800b7dc       0x20 C:/ST/STM32CubeIDE_1.19.0/STM32CubeIDE/plugins/com.st.stm32cube.ide.mcu.externaltools.gnu-tools-for-stm32.13.3.rel1.win32_1.0.100.202509120712/tools/bin/../lib/gcc/arm-none-eabi/13.3.1/../../../../arm-none-eabi/lib/thumb/v7e-m+fp/hard\libc_nano.a(libc_a-isattyr.o)
                0x0800b7dc                _isatty_r
 .text.asinf    0x0800b7fc       0x58 C:/ST/STM32CubeIDE_1.19.0/STM32CubeIDE/plugins/com.st.stm32cube.ide.mcu.externaltools.gnu-tools-for-stm32.13.3.rel1.win32_1.0.100.202509120712/tools/bin/../lib/gcc/arm-none-eabi/13.3.1/../../../../arm-none-eabi/lib/thumb/v7e-m+fp/hard\libm.a(libm_a-wf_asin.o)
                0x0800b7fc                asinf
 .text.atan2f   0x0800b854        0x4 C:/ST/STM32CubeIDE_1.19.0/STM32CubeIDE/plugins/com.st.stm32cube.ide.mcu.externaltools.gnu-tools-for-stm32.13.3.rel1.win32_1.0.100.202509120712/tools/bin/../lib/gcc/arm-none-eabi/13.3.1/../../../../arm-none-eabi/lib/thumb/v7e-m+fp/hard\libm.a(libm_a-wf_atan2.o)
                0x0800b854                atan2f
 .text.sqrtf    0x0800b858       0x3c C:/ST/STM32CubeIDE_1.19.0/STM32CubeIDE/plugins/com.st.stm32cube.ide.mcu.externaltools.gnu-tools-for-stm32.13.3.rel1.win32_1.0.100.202509120712/tools/bin/../lib/gcc/arm-none-eabi/13.3.1/../../../../arm-none-eabi/lib/thumb/v7e-m+fp/hard\libm.a(libm_a-wf_sqrt.o)
                0x0800b858                sqrtf
 .text.fabsf    0x0800b894        0xe C:/ST/STM32CubeIDE_1.19.0/STM32CubeIDE/plugins/com.st.stm32cube.ide.mcu.externaltools.gnu-tools-for-stm32.13.3.rel1.win32_1.0.100.202509120712/tools/bin/../lib/gcc/arm-none-eabi/13.3.1/../../../../arm-none-eabi/lib/thumb/v7e-m+fp/hard\libm.a(libm_a-sf_fabs.o)
                0x0800b894                fabsf
 *fill*         0x0800b8a2        0x2 
 .text.nanf     0x0800b8a4        0xc C:/ST/STM32CubeIDE_1.19.0/STM32CubeIDE/plugins/com.st.stm32cube.ide.mcu.externaltools.gnu-tools-for-stm32.13.3.rel1.win32_1.0.100.202509120712/tools/bin/../lib/gcc/arm-none-eabi/13.3.1/../../../../arm-none-eabi/lib/thumb/v7e-m+fp/hard\libm.a(libm_a-sf_nan.o)
                0x0800b8a4                nanf
 .text.__ieee754_sqrtf
                0x0800b8b0        0x6 C:/ST/STM32CubeIDE_1.19.0/STM32CubeIDE/plugins/com.st.stm32cube.ide.mcu.externaltools.gnu-tools-for-stm32.13.3.rel1.win32_1.0.100.202509120712/tools/bin/../lib/gcc/arm-none-eabi/13.3.1/../../../../arm-none-eabi/lib/thumb/v7e-m+fp/hard\libm.a(libm_a-ef_sqrt.o)
                0x0800b8b0                __ieee754_sqrtf
 *fill*         0x0800b8b6        0x2 
 .text.__ieee754_asinf
                0x0800b8b8      0x1c8 C:/ST/STM32CubeIDE_1.19.0/STM32CubeIDE/plugins/com.st.stm32cube.ide.mcu.externaltools.gnu-tools-for-stm32.13.3.rel1.win32_1.0.100.202509120712/tools/bin/../lib/gcc/arm-none-eabi/13.3.1/../../../../arm-none-eabi/lib/thumb/v7e-m+fp/hard\libm.a(libm_a-ef_asin.o)
                0x0800b8b8                __ieee754_asinf
 .text.__ieee754_atan2f
                0x0800ba80      0x140 C:/ST/STM32CubeIDE_1.19.0/STM32CubeIDE/plugins/com.st.stm32cube.ide.mcu.externaltools.gnu-tools-for-stm32.13.3.rel1.win32_1.0.100.202509120712/tools/bin/../lib/gcc/arm-none-eabi/13.3.1/../../../../arm-none-eabi/lib/thumb/v7e-m+fp/hard\libm.a(libm_a-ef_atan2.o)
                0x0800ba80                __ieee754_atan2f
 .text.atanf    0x0800bbc0      0x1a8 C:/ST/STM32CubeIDE_1.19.0/STM32CubeIDE/plugins/com.st.stm32cube.ide.mcu.externaltools.gnu-tools-for-stm32.13.3.rel1.win32_1.0.100.202509120712/tools/bin/../lib/gcc/arm-none-eabi/13.3.1/../../../../arm-none-eabi/lib/thumb/v7e-m+fp/hard\libm.a(libm_a-sf_atan.o)
                0x0800bbc0                atanf
 *(.glue_7)
 .glue_7        0x0800bd68        0x0 linker stubs
 *(.glue_7t)
 .glue_7t       0x0800bd68        0x0 linker stubs
 *(.eh_frame)
 .eh_frame      0x0800bd68        0x0 C:/ST/STM32CubeIDE_1.19.0/STM32CubeIDE/plugins/com.st.stm32cube.ide.mcu.externaltools.gnu-tools-for-stm32.13.3.rel1.win32_1.0.100.202509120712/tools/bin/../lib/gcc/arm-none-eabi/13.3.1/thumb/v7e-m+fp/hard/crtbegin.o
 *(.init)
 .init          0x0800bd68        0x4 C:/ST/STM32CubeIDE_1.19.0/STM32CubeIDE/plugins/com.st.stm32cube.ide.mcu.externaltools.gnu-tools-for-stm32.13.3.rel1.win32_1.0.100.202509120712/tools/bin/../lib/gcc/arm-none-eabi/13.3.1/thumb/v7e-m+fp/hard/crti.o
                0x0800bd68                _init
 .init          0x0800bd6c        0x8 C:/ST/STM32CubeIDE_1.19.0/STM32CubeIDE/plugins/com.st.stm32cube.ide.mcu.externaltools.gnu-tools-for-stm32.13.3.rel1.win32_1.0.100.202509120712/tools/bin/../lib/gcc/arm-none-eabi/13.3.1/thumb/v7e-m+fp/hard/crtn.o
 *(.fini)
 .fini          0x0800bd74        0x4 C:/ST/STM32CubeIDE_1.19.0/STM32CubeIDE/plugins/com.st.stm32cube.ide.mcu.externaltools.gnu-tools-for-stm32.13.3.rel1.win32_1.0.100.202509120712/tools/bin/../lib/gcc/arm-none-eabi/13.3.1/thumb/v7e-m+fp/hard/crti.o
                0x0800bd74                _fini
 .fini          0x0800bd78        0x8 C:/ST/STM32CubeIDE_1.19.0/STM32CubeIDE/plugins/com.st.stm32cube.ide.mcu.externaltools.gnu-tools-for-stm32.13.3.rel1.win32_1.0.100.202509120712/tools/bin/../lib/gcc/arm-none-eabi/13.3.1/thumb/v7e-m+fp/hard/crtn.o
                0x0800bd80                        . = ALIGN (0x4)
                0x0800bd80                        _etext = .

.vfp11_veneer   0x0800bd80        0x0
 .vfp11_veneer  0x0800bd80        0x0 linker stubs

.v4_bx          0x0800bd80        0x0
 .v4_bx         0x0800bd80        0x0 linker stubs

.iplt           0x0800bd80        0x0
 .iplt          0x0800bd80        0x0 C:/ST/STM32CubeIDE_1.19.0/STM32CubeIDE/plugins/com.st.stm32cube.ide.mcu.externaltools.gnu-tools-for-stm32.13.3.rel1.win32_1.0.100.202509120712/tools/bin/../lib/gcc/arm-none-eabi/13.3.1/thumb/v7e-m+fp/hard/crtbegin.o

.rodata         0x0800bd80      0xd78
                0x0800bd80                        . = ALIGN (0x4)
 *(.rodata)
 .rodata        0x0800bd80       0xbe ./src/app/hardware/battery/battery.o
 *fill*         0x0800be3e        0x2 
 .rodata        0x0800be40       0x46 ./src/app/hardware/consur/consur.o
 *fill*         0x0800be86        0x2 
 .rodata        0x0800be88      0x11a ./src/app/hardware/gnss/neom8n/neom8n.o
 *fill*         0x0800bfa2        0x2 
 .rodata        0x0800bfa4       0xb6 ./src/app/hardware/imu/icm20602/icm20602.o
 *fill*         0x0800c05a        0x2 
 .rodata        0x0800c05c       0xf9 ./src/app/hardware/tranceiver/rp3/rp3.o
 *fill*         0x0800c155        0x3 
 .rodata        0x0800c158       0xa3 ./src/drivers/icm20602/icm20602_driver.o
 *fill*         0x0800c1fb        0x1 
 .rodata        0x0800c1fc       0x2d ./src/drivers/servo/servo.o
 *fill*         0x0800c229        0x3 
 .rodata        0x0800c22c      0x113 ./src/lib/protocols/crsf/crsf.o
 *fill*         0x0800c33f        0x1 
 .rodata        0x0800c340       0x75 ./src/lib/protocols/crsf/utils/crsf_frame_queue.o
 *fill*         0x0800c3b5        0x3 
 .rodata        0x0800c3b8       0x70 ./src/lib/protocols/ubx/ubx.o
 .rodata        0x0800c428       0x71 ./src/lib/protocols/ubx/utils/ubx_frame_queue.o
 *fill*         0x0800c499        0x3 
 .rodata        0x0800c49c       0xbd ./src/middleware/msgbox/msgbox.o
 *(.rodata*)
 *fill*         0x0800c559        0x3 
 .rodata.__func__.1
                0x0800c55c       0x16 ./src/app/hardware/battery/battery.o
 *fill*         0x0800c572        0x2 
 .rodata.__func__.0
                0x0800c574        0xd ./src/app/hardware/battery/battery.o
 *fill*         0x0800c581        0x3 
 .rodata.__func__.1
                0x0800c584       0x16 ./src/app/hardware/gnss/neom8n/neom8n.o
 *fill*         0x0800c59a        0x2 
 .rodata.__func__.0
                0x0800c59c        0xd ./src/app/hardware/gnss/neom8n/neom8n.o
 *fill*         0x0800c5a9        0x3 
 .rodata.__func__.1
                0x0800c5ac       0x16 ./src/app/hardware/imu/icm20602/icm20602.o
 *fill*         0x0800c5c2        0x2 
 .rodata.__func__.0
                0x0800c5c4        0xd ./src/app/hardware/imu/icm20602/icm20602.o
 *fill*         0x0800c5d1        0x3 
 .rodata.__func__.2
                0x0800c5d4       0x16 ./src/app/hardware/tranceiver/rp3/rp3.o
 *fill*         0x0800c5ea        0x2 
 .rodata.__func__.1
                0x0800c5ec        0xd ./src/app/hardware/tranceiver/rp3/rp3.o
 *fill*         0x0800c5f9        0x3 
 .rodata.__func__.0
                0x0800c5fc        0xd ./src/app/hardware/tranceiver/rp3/rp3.o
 *fill*         0x0800c609        0x3 
 .rodata.__func__.8
                0x0800c60c        0x6 ./src/drivers/icm20602/icm20602_driver.o
 *fill*         0x0800c612        0x2 
 .rodata.__func__.7
                0x0800c614        0x7 ./src/drivers/icm20602/icm20602_driver.o
 *fill*         0x0800c61b        0x1 
 .rodata.__func__.6
                0x0800c61c       0x12 ./src/drivers/icm20602/icm20602_driver.o
 *fill*         0x0800c62e        0x2 
 .rodata.__func__.5
                0x0800c630       0x13 ./src/drivers/icm20602/icm20602_driver.o
 *fill*         0x0800c643        0x1 
 .rodata.__func__.4
                0x0800c644        0xe ./src/drivers/icm20602/icm20602_driver.o
 *fill*         0x0800c652        0x2 
 .rodata.__func__.3
                0x0800c654       0x1c ./src/drivers/icm20602/icm20602_driver.o
 .rodata.__func__.1
                0x0800c670       0x17 ./src/drivers/icm20602/icm20602_driver.o
 *fill*         0x0800c687        0x1 
 .rodata.__func__.0
                0x0800c688       0x14 ./src/drivers/icm20602/icm20602_driver.o
 .rodata.__func__.1
                0x0800c69c        0xb ./src/drivers/servo/servo.o
 *fill*         0x0800c6a7        0x1 
 .rodata.__func__.0
                0x0800c6a8        0xc ./src/drivers/servo/servo.o
 .rodata.__func__.31
                0x0800c6b4        0xe ./src/lib/protocols/crsf/crsf.o
 *fill*         0x0800c6c2        0x2 
 .rodata.__func__.30
                0x0800c6c4        0xd ./src/lib/protocols/crsf/crsf.o
 *fill*         0x0800c6d1        0x3 
 .rodata.__func__.29
                0x0800c6d4        0xe ./src/lib/protocols/crsf/crsf.o
 *fill*         0x0800c6e2        0x2 
 .rodata.__func__.28
                0x0800c6e4       0x11 ./src/lib/protocols/crsf/crsf.o
 *fill*         0x0800c6f5        0x3 
 .rodata.__func__.27
                0x0800c6f8       0x18 ./src/lib/protocols/crsf/crsf.o
 .rodata.__func__.26
                0x0800c710        0xd ./src/lib/protocols/crsf/crsf.o
 *fill*         0x0800c71d        0x3 
 .rodata.__func__.25
                0x0800c720        0xd ./src/lib/protocols/crsf/crsf.o
 *fill*         0x0800c72d        0x3 
 .rodata.__func__.24
                0x0800c730       0x13 ./src/lib/protocols/crsf/crsf.o
 *fill*         0x0800c743        0x1 
 .rodata.__func__.23
                0x0800c744       0x15 ./src/lib/protocols/crsf/crsf.o
 *fill*         0x0800c759        0x3 
 .rodata.__func__.22
                0x0800c75c       0x16 ./src/lib/protocols/crsf/crsf.o
 *fill*         0x0800c772        0x2 
 .rodata.__func__.20
                0x0800c774        0xe ./src/lib/protocols/crsf/crsf.o
 *fill*         0x0800c782        0x2 
 .rodata.__func__.16
                0x0800c784       0x17 ./src/lib/protocols/crsf/crsf.o
 *fill*         0x0800c79b        0x1 
 .rodata.__func__.10
                0x0800c79c       0x11 ./src/lib/protocols/crsf/crsf.o
 *fill*         0x0800c7ad        0x3 
 .rodata.__func__.9
                0x0800c7b0       0x14 ./src/lib/protocols/crsf/crsf.o
 .rodata.__func__.8
                0x0800c7c4       0x16 ./src/lib/protocols/crsf/crsf.o
 *fill*         0x0800c7da        0x2 
 .rodata.__func__.7
                0x0800c7dc       0x16 ./src/lib/protocols/crsf/crsf.o
 *fill*         0x0800c7f2        0x2 
 .rodata.__func__.3
                0x0800c7f4       0x16 ./src/lib/protocols/crsf/crsf.o
 *fill*         0x0800c80a        0x2 
 .rodata.__func__.1
                0x0800c80c       0x12 ./src/lib/protocols/crsf/crsf.o
 *fill*         0x0800c81e        0x2 
 .rodata.__func__.0
                0x0800c820       0x13 ./src/lib/protocols/crsf/crsf.o
 *fill*         0x0800c833        0x1 
 .rodata.__func__.3
                0x0800c834       0x16 ./src/lib/protocols/crsf/utils/crsf_frame_queue.o
 *fill*         0x0800c84a        0x2 
 .rodata.__func__.2
                0x0800c84c       0x15 ./src/lib/protocols/crsf/utils/crsf_frame_queue.o
 *fill*         0x0800c861        0x3 
 .rodata.__func__.0
                0x0800c864       0x12 ./src/lib/protocols/crsf/utils/crsf_frame_queue.o
 *fill*         0x0800c876        0x2 
 .rodata.__func__.16
                0x0800c878        0xf ./src/lib/protocols/ubx/ubx.o
 *fill*         0x0800c887        0x1 
 .rodata.__func__.15
                0x0800c888        0xf ./src/lib/protocols/ubx/ubx.o
 *fill*         0x0800c897        0x1 
 .rodata.__func__.14
                0x0800c898        0xe ./src/lib/protocols/ubx/ubx.o
 *fill*         0x0800c8a6        0x2 
 .rodata.__func__.13
                0x0800c8a8        0xb ./src/lib/protocols/ubx/ubx.o
 *fill*         0x0800c8b3        0x1 
 .rodata.__func__.12
                0x0800c8b4        0xc ./src/lib/protocols/ubx/ubx.o
 .rodata.__func__.11
                0x0800c8c0       0x10 ./src/lib/protocols/ubx/ubx.o
 .rodata.__func__.10
                0x0800c8d0        0xc ./src/lib/protocols/ubx/ubx.o
 .rodata.__func__.9
                0x0800c8dc        0xd ./src/lib/protocols/ubx/ubx.o
 *fill*         0x0800c8e9        0x3 
 .rodata.__func__.8
                0x0800c8ec        0xd ./src/lib/protocols/ubx/ubx.o
 *fill*         0x0800c8f9        0x3 
 .rodata.__func__.7
                0x0800c8fc       0x16 ./src/lib/protocols/ubx/ubx.o
 *fill*         0x0800c912        0x2 
 .rodata.__func__.5
                0x0800c914       0x10 ./src/lib/protocols/ubx/ubx.o
 .rodata.__func__.4
                0x0800c924       0x15 ./src/lib/protocols/ubx/ubx.o
 *fill*         0x0800c939        0x3 
 .rodata.__func__.2
                0x0800c93c        0xe ./src/lib/protocols/ubx/ubx.o
 *fill*         0x0800c94a        0x2 
 .rodata.__func__.1
                0x0800c94c        0xb ./src/lib/protocols/ubx/ubx.o
 *fill*         0x0800c957        0x1 
 .rodata.__func__.0
                0x0800c958       0x12 ./src/lib/protocols/ubx/ubx.o
 *fill*         0x0800c96a        0x2 
 .rodata.__func__.4
                0x0800c96c       0x15 ./src/lib/protocols/ubx/utils/ubx_frame_queue.o
 *fill*         0x0800c981        0x3 
 .rodata.__func__.3
                0x0800c984       0x15 ./src/lib/protocols/ubx/utils/ubx_frame_queue.o
 *fill*         0x0800c999        0x3 
 .rodata.__func__.2
                0x0800c99c       0x14 ./src/lib/protocols/ubx/utils/ubx_frame_queue.o
 .rodata.__func__.0
                0x0800c9b0       0x11 ./src/lib/protocols/ubx/utils/ubx_frame_queue.o
 *fill*         0x0800c9c1        0x3 
 .rodata.__func__.7
                0x0800c9c4       0x11 ./src/middleware/msgbox/msgbox.o
 *fill*         0x0800c9d5        0x3 
 .rodata.__func__.6
                0x0800c9d8        0xf ./src/middleware/msgbox/msgbox.o
 *fill*         0x0800c9e7        0x1 
 .rodata.__func__.5
                0x0800c9e8       0x13 ./src/middleware/msgbox/msgbox.o
 *fill*         0x0800c9fb        0x1 
 .rodata.__func__.4
                0x0800c9fc        0xe ./src/middleware/msgbox/msgbox.o
 *fill*         0x0800ca0a        0x2 
 .rodata.__func__.2
                0x0800ca0c        0xf ./src/middleware/msgbox/msgbox.o
 *fill*         0x0800ca1b        0x1 
 .rodata.__func__.1
                0x0800ca1c       0x11 ./src/middleware/msgbox/msgbox.o
 *fill*         0x0800ca2d        0x3 
 .rodata.AHBPrescTable
                0x0800ca30       0x10 ./src/platform/hal/Core/Src/system_stm32f4xx.o
                0x0800ca30                AHBPrescTable
 .rodata.APBPrescTable
                0x0800ca40        0x8 ./src/platform/hal/Core/Src/system_stm32f4xx.o
                0x0800ca40                APBPrescTable
 .rodata.flagBitshiftOffset.0
                0x0800ca48        0x8 ./src/platform/hal/Drivers/STM32F4xx_HAL_Driver/Src/stm32f4xx_hal_dma.o
 .rodata.__assert_func.str1.1
                0x0800ca50       0x6f C:/ST/STM32CubeIDE_1.19.0/STM32CubeIDE/plugins/com.st.stm32cube.ide.mcu.externaltools.gnu-tools-for-stm32.13.3.rel1.win32_1.0.100.202509120712/tools/bin/../lib/gcc/arm-none-eabi/13.3.1/../../../../arm-none-eabi/lib/thumb/v7e-m+fp/hard\libc_nano.a(libc_a-assert.o)
                                 0x3d (size before relaxing)
 .rodata._vfprintf_r.str1.1
                0x0800cabf        0x0 C:/ST/STM32CubeIDE_1.19.0/STM32CubeIDE/plugins/com.st.stm32cube.ide.mcu.externaltools.gnu-tools-for-stm32.13.3.rel1.win32_1.0.100.202509120712/tools/bin/../lib/gcc/arm-none-eabi/13.3.1/../../../../arm-none-eabi/lib/thumb/v7e-m+fp/hard\libc_nano.a(libc_a-nano-vfprintf.o)
                                 0x11 (size before relaxing)
 .rodata._printf_i.str1.1
                0x0800cabf        0x0 C:/ST/STM32CubeIDE_1.19.0/STM32CubeIDE/plugins/com.st.stm32cube.ide.mcu.externaltools.gnu-tools-for-stm32.13.3.rel1.win32_1.0.100.202509120712/tools/bin/../lib/gcc/arm-none-eabi/13.3.1/../../../../arm-none-eabi/lib/thumb/v7e-m+fp/hard\libc_nano.a(libc_a-nano-vfprintf_i.o)
                                 0x22 (size before relaxing)
 .rodata.asinf.str1.1
                0x0800cabf        0x0 C:/ST/STM32CubeIDE_1.19.0/STM32CubeIDE/plugins/com.st.stm32cube.ide.mcu.externaltools.gnu-tools-for-stm32.13.3.rel1.win32_1.0.100.202509120712/tools/bin/../lib/gcc/arm-none-eabi/13.3.1/../../../../arm-none-eabi/lib/thumb/v7e-m+fp/hard\libm.a(libm_a-wf_asin.o)
                                  0x1 (size before relaxing)
 *fill*         0x0800cabf        0x1 
 .rodata.CSWTCH.9
                0x0800cac0        0xc C:/ST/STM32CubeIDE_1.19.0/STM32CubeIDE/plugins/com.st.stm32cube.ide.mcu.externaltools.gnu-tools-for-stm32.13.3.rel1.win32_1.0.100.202509120712/tools/bin/../lib/gcc/arm-none-eabi/13.3.1/../../../../arm-none-eabi/lib/thumb/v7e-m+fp/hard\libm.a(libm_a-ef_atan2.o)
 .rodata.CSWTCH.8
                0x0800cacc        0xc C:/ST/STM32CubeIDE_1.19.0/STM32CubeIDE/plugins/com.st.stm32cube.ide.mcu.externaltools.gnu-tools-for-stm32.13.3.rel1.win32_1.0.100.202509120712/tools/bin/../lib/gcc/arm-none-eabi/13.3.1/../../../../arm-none-eabi/lib/thumb/v7e-m+fp/hard\libm.a(libm_a-ef_atan2.o)
 .rodata.atanlo
                0x0800cad8       0x10 C:/ST/STM32CubeIDE_1.19.0/STM32CubeIDE/plugins/com.st.stm32cube.ide.mcu.externaltools.gnu-tools-for-stm32.13.3.rel1.win32_1.0.100.202509120712/tools/bin/../lib/gcc/arm-none-eabi/13.3.1/../../../../arm-none-eabi/lib/thumb/v7e-m+fp/hard\libm.a(libm_a-sf_atan.o)
 .rodata.atanhi
                0x0800cae8       0x10 C:/ST/STM32CubeIDE_1.19.0/STM32CubeIDE/plugins/com.st.stm32cube.ide.mcu.externaltools.gnu-tools-for-stm32.13.3.rel1.win32_1.0.100.202509120712/tools/bin/../lib/gcc/arm-none-eabi/13.3.1/../../../../arm-none-eabi/lib/thumb/v7e-m+fp/hard\libm.a(libm_a-sf_atan.o)
                0x0800caf8                        . = ALIGN (0x4)

.ARM.extab      0x0800caf8        0x0
                0x0800caf8                        . = ALIGN (0x4)
 *(.ARM.extab* .gnu.linkonce.armextab.*)
                0x0800caf8                        . = ALIGN (0x4)

.ARM            0x0800caf8        0x8
                0x0800caf8                        . = ALIGN (0x4)
                0x0800caf8                        __exidx_start = .
 *(.ARM.exidx*)
 .ARM.exidx     0x0800caf8        0x8 C:/ST/STM32CubeIDE_1.19.0/STM32CubeIDE/plugins/com.st.stm32cube.ide.mcu.externaltools.gnu-tools-for-stm32.13.3.rel1.win32_1.0.100.202509120712/tools/bin/../lib/gcc/arm-none-eabi/13.3.1/../../../../arm-none-eabi/lib/thumb/v7e-m+fp/hard\libc_nano.a(libc_a-memchr.o)
 .ARM.exidx     0x0800cb00        0x0 C:/ST/STM32CubeIDE_1.19.0/STM32CubeIDE/plugins/com.st.stm32cube.ide.mcu.externaltools.gnu-tools-for-stm32.13.3.rel1.win32_1.0.100.202509120712/tools/bin/../lib/gcc/arm-none-eabi/13.3.1/thumb/v7e-m+fp/hard\libgcc.a(_udivmoddi4.o)
                                  0x8 (size before relaxing)
                0x0800cb00                        __exidx_end = .
                0x0800cb00                        . = ALIGN (0x4)

.preinit_array  0x0800cb00        0x0
                0x0800cb00                        . = ALIGN (0x4)
                0x0800cb00                        PROVIDE (__preinit_array_start = .)
 *(.preinit_array*)
                0x0800cb00                        PROVIDE (__preinit_array_end = .)
                0x0800cb00                        . = ALIGN (0x4)

.init_array     0x0800cb00        0x4
                0x0800cb00                        . = ALIGN (0x4)
                0x0800cb00                        PROVIDE (__init_array_start = .)
 *(SORT_BY_NAME(.init_array.*))
 *(.init_array*)
 .init_array    0x0800cb00        0x4 C:/ST/STM32CubeIDE_1.19.0/STM32CubeIDE/plugins/com.st.stm32cube.ide.mcu.externaltools.gnu-tools-for-stm32.13.3.rel1.win32_1.0.100.202509120712/tools/bin/../lib/gcc/arm-none-eabi/13.3.1/thumb/v7e-m+fp/hard/crtbegin.o
                0x0800cb04                        PROVIDE (__init_array_end = .)
                0x0800cb04                        . = ALIGN (0x4)

.fini_array     0x0800cb04        0x4
                0x0800cb04                        . = ALIGN (0x4)
                [!provide]                        PROVIDE (__fini_array_start = .)
 *(SORT_BY_NAME(.fini_array.*))
 *(.fini_array*)
 .fini_array    0x0800cb04        0x4 C:/ST/STM32CubeIDE_1.19.0/STM32CubeIDE/plugins/com.st.stm32cube.ide.mcu.externaltools.gnu-tools-for-stm32.13.3.rel1.win32_1.0.100.202509120712/tools/bin/../lib/gcc/arm-none-eabi/13.3.1/thumb/v7e-m+fp/hard/crtbegin.o
                [!provide]                        PROVIDE (__fini_array_end = .)
                0x0800cb08                        . = ALIGN (0x4)
                0x0800cb08                        _sidata = LOADADDR (.data)

.rel.dyn        0x0800cb08        0x0
 .rel.iplt      0x0800cb08        0x0 C:/ST/STM32CubeIDE_1.19.0/STM32CubeIDE/plugins/com.st.stm32cube.ide.mcu.externaltools.gnu-tools-for-stm32.13.3.rel1.win32_1.0.100.202509120712/tools/bin/../lib/gcc/arm-none-eabi/13.3.1/thumb/v7e-m+fp/hard/crtbegin.o

.data           0x20000000       0x6c load address 0x0800cb08
                0x20000000                        . = ALIGN (0x4)
                0x20000000                        _sdata = .
 *(.data)
 *(.data*)
 .data.s_huart  0x20000000        0x4 ./src/app/hardware/tranceiver/rp3/rp3.o
 .data.SystemCoreClock
                0x20000004        0x4 ./src/platform/hal/Core/Src/system_stm32f4xx.o
                0x20000004                SystemCoreClock
 .data.uwTickPrio
                0x20000008        0x4 ./src/platform/hal/Drivers/STM32F4xx_HAL_Driver/Src/stm32f4xx_hal.o
                0x20000008                uwTickPrio
 .data.uwTickFreq
                0x2000000c        0x1 ./src/platform/hal/Drivers/STM32F4xx_HAL_Driver/Src/stm32f4xx_hal.o
                0x2000000c                uwTickFreq
 *fill*         0x2000000d        0x3 
 .data.__sglue  0x20000010        0xc C:/ST/STM32CubeIDE_1.19.0/STM32CubeIDE/plugins/com.st.stm32cube.ide.mcu.externaltools.gnu-tools-for-stm32.13.3.rel1.win32_1.0.100.202509120712/tools/bin/../lib/gcc/arm-none-eabi/13.3.1/../../../../arm-none-eabi/lib/thumb/v7e-m+fp/hard\libc_nano.a(libc_a-findfp.o)
                0x20000010                __sglue
 .data._impure_ptr
                0x2000001c        0x4 C:/ST/STM32CubeIDE_1.19.0/STM32CubeIDE/plugins/com.st.stm32cube.ide.mcu.externaltools.gnu-tools-for-stm32.13.3.rel1.win32_1.0.100.202509120712/tools/bin/../lib/gcc/arm-none-eabi/13.3.1/../../../../arm-none-eabi/lib/thumb/v7e-m+fp/hard\libc_nano.a(libc_a-impure.o)
                0x2000001c                _impure_ptr
 .data._impure_data
                0x20000020       0x4c C:/ST/STM32CubeIDE_1.19.0/STM32CubeIDE/plugins/com.st.stm32cube.ide.mcu.externaltools.gnu-tools-for-stm32.13.3.rel1.win32_1.0.100.202509120712/tools/bin/../lib/gcc/arm-none-eabi/13.3.1/../../../../arm-none-eabi/lib/thumb/v7e-m+fp/hard\libc_nano.a(libc_a-impure.o)
                0x20000020                _impure_data
 *(.RamFunc)
 *(.RamFunc*)
                0x2000006c                        . = ALIGN (0x4)