C:/Users/unRR/Workspace/STM32CubeIDE/workspace_1.19.0/flight_controller/src/lib/protocols/crsf/crsf.h:184:23:crsf_get_len	16	static
C:/Users/unRR/Workspace/STM32CubeIDE/workspace_1.19.0/flight_controller/src/lib/protocols/crsf/crsf.h:222:23:crsf_get_frame_length	16	static
../src/app/hardware/gnss/neom8n/neom8n.c:32:6:neom8n_init	8	static
../src/app/hardware/gnss/neom8n/neom8n.c:53:14:hmc5883l_compute_heading	40	static
../src/app/hardware/gnss/neom8n/neom8n.c:81:6:neom8n_loop	336	static
../src/app/hardware/gnss/neom8n/neom8n.c:131:6:neom8n_uart_rx_cplt_callback	16	static
